Component: ARM Compiler 5.06 update 6 (build 750) Tool: armlink [4d35ed]

==============================================================================

Section Cross References

    main.o(i.BSP) refers to can.o(i.configCAN_Init) for configCAN_Init
    main.o(i.BSP) refers to dma.o(i.configDMA_Init) for configDMA_Init
    main.o(i.BSP) refers to io.o(i.configIO_Init) for configIO_Init
    main.o(i.BSP) refers to nvic.o(i.configNVIC_Init) for configNVIC_Init
    main.o(i.BSP) refers to tim.o(i.configTIM_Init) for configTIM_Init
    main.o(i.BSP) refers to uart.o(i.configUART_Init) for configUART_Init
    main.o(i.BSP) refers to rng.o(i.RNG_Init) for RNG_Init
    main.o(i.EDH) refers to hi219m.o(i.configHi219m_ParaInit) for configHi219m_ParaInit
    main.o(i.Task_Init) refers to port.o(i.vPortEnterCritical) for vPortEnterCritical
    main.o(i.Task_Init) refers to queue.o(i.xQueueGenericCreate) for xQueueGenericCreate
    main.o(i.Task_Init) refers to tasks.o(i.xTaskCreate) for xTaskCreate
    main.o(i.Task_Init) refers to port.o(i.vPortExitCritical) for vPortExitCritical
    main.o(i.Task_Init) refers to user_task.o(.data) for P_shH219DataDecode_Binary
    main.o(i.Task_Init) refers to user_task.o(i.Task_Main) for Task_Main
    main.o(i.Task_Init) refers to user_task.o(i.Task_DataSend) for Task_DataSend
    main.o(i.Task_Init) refers to user_task.o(i.Task_TimeCount) for Task_TimeCount
    main.o(i.Task_Init) refers to user_task.o(i.Task_Hi219mDataDecode) for Task_Hi219mDataDecode
    main.o(i.main) refers to main.o(i.BSP) for BSP
    main.o(i.main) refers to main.o(i.EDH) for EDH
    main.o(i.main) refers to main.o(i.Task_Init) for Task_Init
    main.o(i.main) refers to tasks.o(i.vTaskStartScheduler) for vTaskStartScheduler
    system_stm32f4xx.o(i.SystemCoreClockUpdate) refers to system_stm32f4xx.o(.data) for SystemCoreClock
    system_stm32f4xx.o(i.SystemInit) refers to system_stm32f4xx.o(i.SetSysClock) for SetSysClock
    delay.o(i.SysTick_Handler) refers to tasks.o(i.xTaskGetSchedulerState) for xTaskGetSchedulerState
    delay.o(i.SysTick_Handler) refers to port.o(i.xPortSysTickHandler) for xPortSysTickHandler
    delay.o(i.delay_init) refers to misc.o(i.SysTick_CLKSourceConfig) for SysTick_CLKSourceConfig
    delay.o(i.delay_init) refers to system_stm32f4xx.o(.data) for SystemCoreClock
    delay.o(i.delay_init) refers to delay.o(.data) for fac_us
    delay.o(i.delay_ms) refers to tasks.o(i.xTaskGetSchedulerState) for xTaskGetSchedulerState
    delay.o(i.delay_ms) refers to tasks.o(i.vTaskDelay) for vTaskDelay
    delay.o(i.delay_ms) refers to delay.o(i.delay_us) for delay_us
    delay.o(i.delay_ms) refers to delay.o(.data) for fac_ms
    delay.o(i.delay_us) refers to delay.o(.data) for fac_us
    delay.o(i.delay_xms) refers to delay.o(i.delay_us) for delay_us
    startup_stm32f40_41xxx.o(STACK) refers (Special) to heapauxi.o(.text) for __use_two_region_memory
    startup_stm32f40_41xxx.o(HEAP) refers (Special) to heapauxi.o(.text) for __use_two_region_memory
    startup_stm32f40_41xxx.o(RESET) refers (Special) to heapauxi.o(.text) for __use_two_region_memory
    startup_stm32f40_41xxx.o(RESET) refers to startup_stm32f40_41xxx.o(STACK) for __initial_sp
    startup_stm32f40_41xxx.o(RESET) refers to startup_stm32f40_41xxx.o(.text) for Reset_Handler
    startup_stm32f40_41xxx.o(RESET) refers to stm32f4xx_it.o(i.NMI_Handler) for NMI_Handler
    startup_stm32f40_41xxx.o(RESET) refers to stm32f4xx_it.o(i.HardFault_Handler) for HardFault_Handler
    startup_stm32f40_41xxx.o(RESET) refers to stm32f4xx_it.o(i.MemManage_Handler) for MemManage_Handler
    startup_stm32f40_41xxx.o(RESET) refers to stm32f4xx_it.o(i.BusFault_Handler) for BusFault_Handler
    startup_stm32f40_41xxx.o(RESET) refers to stm32f4xx_it.o(i.UsageFault_Handler) for UsageFault_Handler
    startup_stm32f40_41xxx.o(RESET) refers to port.o(.emb_text) for SVC_Handler
    startup_stm32f40_41xxx.o(RESET) refers to stm32f4xx_it.o(i.DebugMon_Handler) for DebugMon_Handler
    startup_stm32f40_41xxx.o(RESET) refers to delay.o(i.SysTick_Handler) for SysTick_Handler
    startup_stm32f40_41xxx.o(RESET) refers to it.o(i.CAN1_TX_IRQHandler) for CAN1_TX_IRQHandler
    startup_stm32f40_41xxx.o(RESET) refers to it.o(i.CAN1_RX0_IRQHandler) for CAN1_RX0_IRQHandler
    startup_stm32f40_41xxx.o(RESET) refers to it.o(i.TIM3_IRQHandler) for TIM3_IRQHandler
    startup_stm32f40_41xxx.o(RESET) refers to it.o(i.TIM4_IRQHandler) for TIM4_IRQHandler
    startup_stm32f40_41xxx.o(RESET) refers to it.o(i.USART1_IRQHandler) for USART1_IRQHandler
    startup_stm32f40_41xxx.o(RESET) refers to it.o(i.UART4_IRQHandler) for UART4_IRQHandler
    startup_stm32f40_41xxx.o(RESET) refers to it.o(i.UART5_IRQHandler) for UART5_IRQHandler
    startup_stm32f40_41xxx.o(RESET) refers to it.o(i.CAN2_TX_IRQHandler) for CAN2_TX_IRQHandler
[...]
    uxCurrentNumberOfTasks                   0x20000034   Data           4  tasks.o(.data)
    xTickCount                               0x20000038   Data           4  tasks.o(.data)
    uxTopReadyPriority                       0x2000003c   Data           4  tasks.o(.data)
    xSchedulerRunning                        0x20000040   Data           4  tasks.o(.data)
    uxPendedTicks                            0x20000044   Data           4  tasks.o(.data)
    xYieldPending                            0x20000048   Data           4  tasks.o(.data)
    xNumOfOverflows                          0x2000004c   Data           4  tasks.o(.data)
    uxTaskNumber                             0x20000050   Data           4  tasks.o(.data)
    xNextTaskUnblockTime                     0x20000054   Data           4  tasks.o(.data)
    xIdleTaskHandle                          0x20000058   Data           4  tasks.o(.data)
    uxSchedulerSuspended                     0x2000005c   Data           4  tasks.o(.data)
    .data                                    0x20000060   Section       20  timers.o(.data)
    pxCurrentTimerList                       0x20000060   Data           4  timers.o(.data)
    pxOverflowTimerList                      0x20000064   Data           4  timers.o(.data)
    xTimerQueue                              0x20000068   Data           4  timers.o(.data)
    xTimerTaskHandle                         0x2000006c   Data           4  timers.o(.data)
    xLastTime                                0x20000070   Data           4  timers.o(.data)
    .data                                    0x20000074   Section       12  port.o(.data)
    uxCriticalNesting                        0x20000074   Data           4  port.o(.data)
    ucMaxSysCallPriority                     0x20000078   Data           1  port.o(.data)
    ulMaxPRIGROUPValue                       0x2000007c   Data           4  port.o(.data)
    .data                                    0x20000080   Section       24  heap_4.o(.data)
    xStart                                   0x20000080   Data           8  heap_4.o(.data)
    pxEnd                                    0x20000088   Data           4  heap_4.o(.data)
    xFreeBytesRemaining                      0x2000008c   Data           4  heap_4.o(.data)
    xMinimumEverFreeBytesRemaining           0x20000090   Data           4  heap_4.o(.data)
    xBlockAllocatedBit                       0x20000094   Data           4  heap_4.o(.data)
    .data                                    0x20000098   Section        2  hi219m.o(.data)
    .data                                    0x2000009a   Section       19  imu_data_decode.o(.data)
    acc                                      0x2000009a   Data           6  imu_data_decode.o(.data)
    gyo                                      0x200000a0   Data           6  imu_data_decode.o(.data)
    mag                                      0x200000a6   Data           6  imu_data_decode.o(.data)
    id                                       0x200000ac   Data           1  imu_data_decode.o(.data)
    .data                                    0x200000b0   Section       17  packet.o(.data)
    EventHandler                             0x200000b0   Data           4  packet.o(.data)
    RxPkt                                    0x200000b4   Data           4  packet.o(.data)
    CRCReceived                              0x200000b8   Data           2  packet.o(.data)
    CRCCalculated                            0x200000ba   Data           2  packet.o(.data)
    status                                   0x200000bc   Data           1  packet.o(.data)
    crc_header                               0x200000bd   Data           4  packet.o(.data)
    .data                                    0x200000c4   Section        4  user_task.o(.data)
    .data                                    0x200000c8   Section        4  stdio_streams.o(.data)
    .data                                    0x200000cc   Section        4  stdio_streams.o(.data)
    .data                                    0x200000d0   Section        4  stdio_streams.o(.data)
    .bss                                     0x200000d4   Section       64  queue.o(.bss)
    .bss                                     0x20000114   Section      740  tasks.o(.bss)
    pxReadyTasksLists                        0x20000114   Data         640  tasks.o(.bss)
    xDelayedTaskList1                        0x20000394   Data          20  tasks.o(.bss)
    xDelayedTaskList2                        0x200003a8   Data          20  tasks.o(.bss)
    xPendingReadyList                        0x200003bc   Data          20  tasks.o(.bss)
    xTasksWaitingTermination                 0x200003d0   Data          20  tasks.o(.bss)
    xSuspendedTaskList                       0x200003e4   Data          20  tasks.o(.bss)
    .bss                                     0x200003f8   Section       40  timers.o(.bss)
    xActiveTimerList1                        0x200003f8   Data          20  timers.o(.bss)
    xActiveTimerList2                        0x2000040c   Data          20  timers.o(.bss)
    .bss                                     0x20000420   Section    20480  heap_4.o(.bss)
    ucHeap                                   0x20000420   Data       20480  heap_4.o(.bss)
    .bss                                     0x20005420   Section       40  it.o(.bss)
    .bss                                     0x20005448   Section      188  hi219m.o(.bss)
    .bss                                     0x20005504   Section      168  imu_data_decode.o(.bss)
    RxPkt                                    0x20005504   Data         140  imu_data_decode.o(.bss)
    eular                                    0x20005590   Data          12  imu_data_decode.o(.bss)
    quat                                     0x2000559c   Data          16  imu_data_decode.o(.bss)
    .bss                                     0x200055ac   Section      222  rm_remote.o(.bss)
    Key_Check                                0x20005678   Data          18  rm_remote.o(.bss)
    .bss                                     0x2000568c   Section       84  stdio_streams.o(.bss)
    .bss                                     0x200056e0   Section       84  stdio_streams.o(.bss)
    .bss                                     0x20005734   Section       84  stdio_streams.o(.bss)
    .bss                                     0x20005788   Section       96  libspace.o(.bss)
    HEAP                                     0x200057e8   Section      512  startup_stm32f40_41xxx.o(HEAP)
    Heap_Mem                                 0x200057e8   Data         512  startup_stm32f40_41xxx.o(HEAP)
    STACK                                    0x200059e8   Section     1024  startup_stm32f40_41xxx.o(STACK)
    Stack_Mem                                0x200059e8   Data        1024  startup_stm32f40_41xxx.o(STACK)
    __initial_sp                             0x20005de8   Data           0  startup_stm32f40_41xxx.o(STACK)

    Global Symbols

    Symbol Name                              Value     Ov Type        Size  Object(Section)

    BuildAttributes$$THM_ISAv4$E$P$D$K$B$S$7EM$VFPi3$EXTD16$VFPS$VFMA$PE$A:L22UL41UL21$X:L11$S22US41US21$IEEE1$IW$USESV6$~STKCKD$USESV7$~SHL$OTIME$ROPI$EBA8$UX$STANDARDLIB$REQ8$PRES8$EABIv2 0x00000000   Number         0  anon$$obj.o ABSOLUTE
    __ARM_use_no_argv                        0x00000000   Number         0  main.o ABSOLUTE
    __ARM_exceptions_init                     - Undefined Weak Reference
    __alloca_initialize                       - Undefined Weak Reference
    __arm_preinit_                            - Undefined Weak Reference
    __cpp_initialize__aeabi_                  - Undefined Weak Reference
    __cxa_finalize                            - Undefined Weak Reference
    __rt_locale                               - Undefined Weak Reference
    __sigvec_lookup                           - Undefined Weak Reference
    __user_heap_extent                        - Undefined Weak Reference
    _atexit_init                              - Undefined Weak Reference
    _call_atexit_fns                          - Undefined Weak Reference
    _clock_init                               - Undefined Weak Reference
    _fp_trap_init                             - Undefined Weak Reference
    _fp_trap_shutdown                         - Undefined Weak Reference
    _get_lc_collate                           - Undefined Weak Reference
    _get_lc_ctype                             - Undefined Weak Reference
    _get_lc_monetary                          - Undefined Weak Reference
    _get_lc_numeric                           - Undefined Weak Reference
    _get_lc_time                              - Undefined Weak Reference
    _getenv_init                              - Undefined Weak Reference
    _handle_redirection                       - Undefined Weak Reference
    _mutex_acquire                            - Undefined Weak Reference
    _mutex_free                               - Undefined Weak Reference
    _mutex_release                            - Undefined Weak Reference
    _printf_mbtowc                            - Undefined Weak Reference
    _printf_post_padding                      - Undefined Weak Reference
    _printf_pre_padding                       - Undefined Weak Reference
    _printf_truncate_signed                   - Undefined Weak Reference
    _printf_truncate_unsigned                 - Undefined Weak Reference
    _rand_init                                - Undefined Weak Reference
    _signal_finish                            - Undefined Weak Reference
    _signal_init                              - Undefined Weak Reference
    __Vectors_Size                           0x00000188   Number         0  startup_stm32f40_41xxx.o ABSOLUTE
    __Vectors                                0x08000000   Data           4  startup_stm32f40_41xxx.o(RESET)
    __Vectors_End                            0x08000188   Data           0  startup_stm32f40_41xxx.o(RESET)
    __main                                   0x08000189   Thumb Code     8  __main.o(!!!main)
    __scatterload                            0x08000191   Thumb Code     0  __scatter.o(!!!scatter)
    __scatterload_rt2                        0x08000191   Thumb Code    44  __scatter.o(!!!scatter)
    __scatterload_rt2_thumb_only             0x08000191   Thumb Code     0  __scatter.o(!!!scatter)
    __scatterload_null                       0x0800019f   Thumb Code     0  __scatter.o(!!!scatter)
    __scatterload_copy                       0x080001c5   Thumb Code    26  __scatter_copy.o(!!handler_copy)
    __scatterload_zeroinit                   0x080001e1   Thumb Code    28  __scatter_zi.o(!!handler_zi)
    _printf_d                                0x080001fd   Thumb Code     0  _printf_d.o(.ARM.Collect$$_printf_percent$$00000009)
    _printf_percent                          0x080001fd   Thumb Code     0  _printf_percent.o(.ARM.Collect$$_printf_percent$$00000000)
    _printf_s                                0x08000203   Thumb Code     0  _printf_s.o(.ARM.Collect$$_printf_percent$$00000014)
    _printf_percent_end                      0x08000209   Thumb Code     0  _printf_percent_end.o(.ARM.Collect$$_printf_percent$$00000017)
    __rt_lib_init                            0x0800020d   Thumb Code     0  libinit.o(.ARM.Collect$$libinit$$00000000)
    __rt_lib_init_fp_1                       0x0800020f   Thumb Code     0  libinit2.o(.ARM.Collect$$libinit$$00000001)
    __rt_lib_init_heap_2                     0x08000213   Thumb Code     0  libinit2.o(.ARM.Collect$$libinit$$00000005)
    __rt_lib_init_preinit_1                  0x08000213   Thumb Code     0  libinit2.o(.ARM.Collect$$libinit$$00000004)
    __rt_lib_init_atexit_1                   0x0800021b   Thumb Code     0  libinit2.o(.ARM.Collect$$libinit$$0000001B)
    __rt_lib_init_clock_1                    0x0800021b   Thumb Code     0  libinit2.o(.ARM.Collect$$libinit$$00000021)
    __rt_lib_init_fp_trap_1                  0x0800021b   Thumb Code     0  libinit2.o(.ARM.Collect$$libinit$$0000001F)
    __rt_lib_init_getenv_1                   0x0800021b   Thumb Code     0  libinit2.o(.ARM.Collect$$libinit$$00000023)
    __rt_lib_init_heap_1                     0x0800021b   Thumb Code     0  libinit2.o(.ARM.Collect$$libinit$$0000000A)
    __rt_lib_init_lc_collate_1               0x0800021b   Thumb Code     0  libinit2.o(.ARM.Collect$$libinit$$00000011)
    __rt_lib_init_lc_ctype_1                 0x0800021b   Thumb Code     0  libinit2.o(.ARM.Collect$$libinit$$00000013)
    __rt_lib_init_lc_monetary_1              0x0800021b   Thumb Code     0  libinit2.o(.ARM.Collect$$libinit$$00000015)
    __rt_lib_init_lc_numeric_1               0x0800021b   Thumb Code     0  libinit2.o(.ARM.Collect$$libinit$$00000017)
    __rt_lib_init_lc_time_1                  0x0800021b   Thumb Code     0  libinit2.o(.ARM.Collect$$libinit$$00000019)
    __rt_lib_init_rand_1                     0x0800021b   Thumb Code     0  libinit2.o(.ARM.Collect$$libinit$$0000000E)
    __rt_lib_init_signal_1                   0x0800021b   Thumb Code     0  libinit2.o(.ARM.Collect$$libinit$$0000001D)
    __rt_lib_init_stdio_2                    0x0800021b   Thumb Code     0  libinit2.o(.ARM.Collect$$libinit$$00000024)
    __rt_lib_init_user_alloc_1               0x0800021b   Thumb Code     0  libinit2.o(.ARM.Collect$$libinit$$0000000C)
    __rt_lib_init_alloca_1                   0x0800021f   Thumb Code     0  libinit2.o(.ARM.Collect$$libinit$$0000002E)
    __rt_lib_init_argv_1                     0x0800021f   Thumb Code     0  libinit2.o(.ARM.Collect$$libinit$$0000002C)
    __rt_lib_init_cpp_1                      0x0800021f   Thumb Code     0  libinit2.o(.ARM.Collect$$libinit$$00000032)
    __rt_lib_init_exceptions_1               0x0800021f   Thumb Code     0  libinit2.o(.ARM.Collect$$libinit$$00000030)
    __rt_lib_init_return                     0x0800021f   Thumb Code     0  libinit2.o(.ARM.Collect$$libinit$$00000033)
    __rt_lib_init_stdio_1                    0x0800021f   Thumb Code     0  libinit2.o(.ARM.Collect$$libinit$$00000025)
    __rt_lib_shutdown                        0x08000221   Thumb Code     0  libshutdown.o(.ARM.Collect$$libshutdown$$00000000)
    __rt_lib_shutdown_cpp_1                  0x08000223   Thumb Code     0  libshutdown2.o(.ARM.Collect$$libshutdown$$00000002)
    __rt_lib_shutdown_stdio_2                0x08000223   Thumb Code     0  libshutdown2.o(.ARM.Collect$$libshutdown$$00000003)
    __rt_lib_shutdown_fp_trap_1              0x08000227   Thumb Code     0  libshutdown2.o(.ARM.Collect$$libshutdown$$00000007)
    __rt_lib_shutdown_heap_1                 0x08000227   Thumb Code     0  libshutdown2.o(.ARM.Collect$$libshutdown$$0000000F)
    __rt_lib_shutdown_return                 0x08000227   Thumb Code     0  libshutdown2.o(.ARM.Collect$$libshutdown$$00000010)
    __rt_lib_shutdown_signal_1               0x08000227   Thumb Code     0  libshutdown2.o(.ARM.Collect$$libshutdown$$0000000A)
    __rt_lib_shutdown_stdio_1                0x08000227   Thumb Code     0  libshutdown2.o(.ARM.Collect$$libshutdown$$00000004)
    __rt_lib_shutdown_user_alloc_1           0x08000227   Thumb Code     0  libshutdown2.o(.ARM.Collect$$libshutdown$$0000000C)
    __rt_entry                               0x08000229   Thumb Code     0  __rtentry.o(.ARM.Collect$$rtentry$$00000000)
    __rt_entry_presh_1                       0x08000229   Thumb Code     0  __rtentry2.o(.ARM.Collect$$rtentry$$00000002)
    __rt_entry_sh                            0x08000229   Thumb Code     0  __rtentry4.o(.ARM.Collect$$rtentry$$00000004)
    __rt_entry_li                            0x0800022f   Thumb Code     0  __rtentry2.o(.ARM.Collect$$rtentry$$0000000A)
    __rt_entry_postsh_1                      0x0800022f   Thumb Code     0  __rtentry2.o(.ARM.Collect$$rtentry$$00000009)
    __rt_entry_main                          0x08000233   Thumb Code     0  __rtentry2.o(.ARM.Collect$$rtentry$$0000000D)
    __rt_entry_postli_1                      0x08000233   Thumb Code     0  __rtentry2.o(.ARM.Collect$$rtentry$$0000000C)
    __rt_exit                                0x0800023b   Thumb Code     0  rtexit.o(.ARM.Collect$$rtexit$$00000000)
    __rt_exit_ls                             0x0800023d   Thumb Code     0  rtexit2.o(.ARM.Collect$$rtexit$$00000003)
    __rt_exit_prels_1                        0x0800023d   Thumb Code     0  rtexit2.o(.ARM.Collect$$rtexit$$00000002)
    __rt_exit_exit                           0x08000241   Thumb Code     0  rtexit2.o(.ARM.Collect$$rtexit$$00000004)
    SVC_Handler                              0x08000249   Thumb Code    28  port.o(.emb_text)
    __asm___6_port_c_39a90d8d__prvStartFirstTask 0x08000269   Thumb Code    28  port.o(.emb_text)
    __asm___6_port_c_39a90d8d__prvEnableVFP  0x08000289   Thumb Code    16  port.o(.emb_text)
    PendSV_Handler                           0x0800029d   Thumb Code    88  port.o(.emb_text)
    vPortGetIPSR                             0x080002f9   Thumb Code     6  port.o(.emb_text)
    Reset_Handler                            0x08000301   Thumb Code     8  startup_stm32f40_41xxx.o(.text)
    _maybe_terminate_alloc                   0x08000301   Thumb Code     0  maybetermalloc1.o(.emb_text)
    ADC_IRQHandler                           0x0800031b   Thumb Code     0  startup_stm32f40_41xxx.o(.text)
    CAN1_RX1_IRQHandler                      0x0800031b   Thumb Code     0  startup_stm32f40_41xxx.o(.text)
    CAN1_SCE_IRQHandler                      0x0800031b   Thumb Code     0  startup_stm32f40_41xxx.o(.text)
    CAN2_RX1_IRQHandler                      0x0800031b   Thumb Code     0  startup_stm32f40_41xxx.o(.text)
    CAN2_SCE_IRQHandler                      0x0800031b   Thumb Code     0  startup_stm32f40_41xxx.o(.text)
    CRYP_IRQHandler                          0x0800031b   Thumb Code     0  startup_stm32f40_41xxx.o(.text)
    DCMI_IRQHandler                          0x0800031b   Thumb Code     0  startup_stm32f40_41xxx.o(.text)
    DMA1_Stream0_IRQHandler                  0x0800031b   Thumb Code     0  startup_stm32f40_41xxx.o(.text)
    DMA1_Stream1_IRQHandler                  0x0800031b   Thumb Code     0  startup_stm32f40_41xxx.o(.text)
    DMA1_Stream2_IRQHandler                  0x0800031b   Thumb Code     0  startup_stm32f40_41xxx.o(.text)
    DMA1_Stream3_IRQHandler                  0x0800031b   Thumb Code     0  startup_stm32f40_41xxx.o(.text)
    DMA1_Stream4_IRQHandler                  0x0800031b   Thumb Code     0  startup_stm32f40_41xxx.o(.text)
    DMA1_Stream5_IRQHandler                  0x0800031b   Thumb Code     0  startup_stm32f40_41xxx.o(.text)
    DMA1_Stream6_IRQHandler                  0x0800031b   Thumb Code     0  startup_stm32f40_41xxx.o(.text)
    DMA1_Stream7_IRQHandler                  0x0800031b   Thumb Code     0  startup_stm32f40_41xxx.o(.text)
    DMA2_Stream0_IRQHandler                  0x0800031b   Thumb Code     0  startup_stm32f40_41xxx.o(.text)
    DMA2_Stream1_IRQHandler                  0x0800031b   Thumb Code     0  startup_stm32f40_41xxx.o(.text)
    DMA2_Stream2_IRQHandler                  0x0800031b   Thumb Code     0  startup_stm32f40_41xxx.o(.text)
    DMA2_Stream3_IRQHandler                  0x0800031b   Thumb Code     0  startup_stm32f40_41xxx.o(.text)
    DMA2_Stream4_IRQHandler                  0x0800031b   Thumb Code     0  startup_stm32f40_41xxx.o(.text)
    DMA2_Stream5_IRQHandler                  0x0800031b   Thumb Code     0  startup_stm32f40_41xxx.o(.text)
    DMA2_Stream6_IRQHandler                  0x0800031b   Thumb Code     0  startup_stm32f40_41xxx.o(.text)
    DMA2_Stream7_IRQHandler                  0x0800031b   Thumb Code     0  startup_stm32f40_41xxx.o(.text)
    ETH_IRQHandler                           0x0800031b   Thumb Code     0  startup_stm32f40_41xxx.o(.text)
    ETH_WKUP_IRQHandler                      0x0800031b   Thumb Code     0  startup_stm32f40_41xxx.o(.text)
    EXTI0_IRQHandler                         0x0800031b   Thumb Code     0  startup_stm32f40_41xxx.o(.text)
    EXTI15_10_IRQHandler                     0x0800031b   Thumb Code     0  startup_stm32f40_41xxx.o(.text)
    EXTI1_IRQHandler                         0x0800031b   Thumb Code     0  startup_stm32f40_41xxx.o(.text)
    EXTI2_IRQHandler                         0x0800031b   Thumb Code     0  startup_stm32f40_41xxx.o(.text)
    EXTI3_IRQHandler                         0x0800031b   Thumb Code     0  startup_stm32f40_41xxx.o(.text)
    EXTI4_IRQHandler                         0x0800031b   Thumb Code     0  startup_stm32f40_41xxx.o(.text)
    EXTI9_5_IRQHandler                       0x0800031b   Thumb Code     0  startup_stm32f40_41xxx.o(.text)
    FLASH_IRQHandler                         0x0800031b   Thumb Code     0  startup_stm32f40_41xxx.o(.text)
    FPU_IRQHandler                           0x0800031b   Thumb Code     0  startup_stm32f40_41xxx.o(.text)
    FSMC_IRQHandler                          0x0800031b   Thumb Code     0  startup_stm32f40_41xxx.o(.text)
    HASH_RNG_IRQHandler                      0x0800031b   Thumb Code     0  startup_stm32f40_41xxx.o(.text)
    I2C1_ER_IRQHandler                       0x0800031b   Thumb Code     0  startup_stm32f40_41xxx.o(.text)
    I2C1_EV_IRQHandler                       0x0800031b   Thumb Code     0  startup_stm32f40_41xxx.o(.text)
    I2C2_ER_IRQHandler                       0x0800031b   Thumb Code     0  startup_stm32f40_41xxx.o(.text)
    I2C2_EV_IRQHandler                       0x0800031b   Thumb Code     0  startup_stm32f40_41xxx.o(.text)
    I2C3_ER_IRQHandler                       0x0800031b   Thumb Code     0  startup_stm32f40_41xxx.o(.text)
    I2C3_EV_IRQHandler                       0x0800031b   Thumb Code     0  startup_stm32f40_41xxx.o(.text)
    OTG_FS_IRQHandler                        0x0800031b   Thumb Code     0  startup_stm32f40_41xxx.o(.text)
    OTG_FS_WKUP_IRQHandler                   0x0800031b   Thumb Code     0  startup_stm32f40_41xxx.o(.text)
    OTG_HS_EP1_IN_IRQHandler                 0x0800031b   Thumb Code     0  startup_stm32f40_41xxx.o(.text)
    OTG_HS_EP1_OUT_IRQHandler                0x0800031b   Thumb Code     0  startup_stm32f40_41xxx.o(.text)
    OTG_HS_IRQHandler                        0x0800031b   Thumb Code     0  startup_stm32f40_41xxx.o(.text)
    OTG_HS_WKUP_IRQHandler                   0x0800031b   Thumb Code     0  startup_stm32f40_41xxx.o(.text)
    PVD_IRQHandler                           0x0800031b   Thumb Code     0  startup_stm32f40_41xxx.o(.text)
    RCC_IRQHandler                           0x0800031b   Thumb Code     0  startup_stm32f40_41xxx.o(.text)
    RTC_Alarm_IRQHandler                     0x0800031b   Thumb Code     0  startup_stm32f40_41xxx.o(.text)
    RTC_WKUP_IRQHandler                      0x0800031b   Thumb Code     0  startup_stm32f40_41xxx.o(.text)
    SDIO_IRQHandler                          0x0800031b   Thumb Code     0  startup_stm32f40_41xxx.o(.text)
    SPI1_IRQHandler                          0x0800031b   Thumb Code     0  startup_stm32f40_41xxx.o(.text)
    SPI2_IRQHandler                          0x0800031b   Thumb Code     0  startup_stm32f40_41xxx.o(.text)
    SPI3_IRQHandler                          0x0800031b   Thumb Code     0  startup_stm32f40_41xxx.o(.text)
    TAMP_STAMP_IRQHandler                    0x0800031b   Thumb Code     0  startup_stm32f40_41xxx.o(.text)
    TIM1_BRK_TIM9_IRQHandler                 0x0800031b   Thumb Code     0  startup_stm32f40_41xxx.o(.text)
    TIM1_CC_IRQHandler                       0x0800031b   Thumb Code     0  startup_stm32f40_41xxx.o(.text)
    TIM1_TRG_COM_TIM11_IRQHandler            0x0800031b   Thumb Code     0  startup_stm32f40_41xxx.o(.text)
    TIM1_UP_TIM10_IRQHandler                 0x0800031b   Thumb Code     0  startup_stm32f40_41xxx.o(.text)
    TIM2_IRQHandler                          0x0800031b   Thumb Code     0  startup_stm32f40_41xxx.o(.text)
    TIM5_IRQHandler                          0x0800031b   Thumb Code     0  startup_stm32f40_41xxx.o(.text)
    TIM6_DAC_IRQHandler                      0x0800031b   Thumb Code     0  startup_stm32f40_41xxx.o(.text)
    TIM7_IRQHandler                          0x0800031b   Thumb Code     0  startup_stm32f40_41xxx.o(.text)
    TIM8_BRK_TIM12_IRQHandler                0x0800031b   Thumb Code     0  startup_stm32f40_41xxx.o(.text)
    TIM8_CC_IRQHandler                       0x0800031b   Thumb Code     0  startup_stm32f40_41xxx.o(.text)
    TIM8_TRG_COM_TIM14_IRQHandler            0x0800031b   Thumb Code     0  startup_stm32f40_41xxx.o(.text)
    TIM8_UP_TIM13_IRQHandler                 0x0800031b   Thumb Code     0  startup_stm32f40_41xxx.o(.text)
    USART2_IRQHandler                        0x0800031b   Thumb Code     0  startup_stm32f40_41xxx.o(.text)
    USART3_IRQHandler                        0x0800031b   Thumb Code     0  startup_stm32f40_41xxx.o(.text)
    WWDG_IRQHandler                          0x0800031b   Thumb Code     0  startup_stm32f40_41xxx.o(.text)
    __user_initial_stackheap                 0x0800031d   Thumb Code     0  startup_stm32f40_41xxx.o(.text)
    __2printf                                0x08000341   Thumb Code    20  noretval__2printf.o(.text)
    __printf                                 0x08000359   Thumb Code   104  __printf.o(.text)
    _printf_str                              0x080003c1   Thumb Code    82  _printf_str.o(.text)
    _printf_int_dec                          0x08000415   Thumb Code   104  _printf_dec.o(.text)
    strlen                                   0x0800048d   Thumb Code    62  strlen.o(.text)
    __aeabi_memcpy                           0x080004cb   Thumb Code     0  rt_memcpy_v6.o(.text)
    __rt_memcpy                              0x080004cb   Thumb Code   138  rt_memcpy_v6.o(.text)
    _memcpy_lastbytes                        0x08000531   Thumb Code     0  rt_memcpy_v6.o(.text)
    __aeabi_memset                           0x08000555   Thumb Code    16  aeabi_memset.o(.text)
    __aeabi_memclr4                          0x08000565   Thumb Code     0  rt_memclr_w.o(.text)
    __aeabi_memclr8                          0x08000565   Thumb Code     0  rt_memclr_w.o(.text)
    __rt_memclr_w                            0x08000565   Thumb Code    78  rt_memclr_w.o(.text)
    _memset_w                                0x08000569   Thumb Code     0  rt_memclr_w.o(.text)
    __use_two_region_memory                  0x080005b3   Thumb Code     2  heapauxi.o(.text)
    __rt_heap_escrow                         0x080005b5   Thumb Code     2  heapauxi.o(.text)
    __rt_heap_expand                         0x080005b7   Thumb Code     2  heapauxi.o(.text)
    _printf_int_common                       0x080005b9   Thumb Code   178  _printf_intcommon.o(.text)
    _printf_char_common                      0x08000677   Thumb Code    32  _printf_char_common.o(.text)
    _printf_cs_common                        0x0800069d   Thumb Code    20  _printf_char.o(.text)
    _printf_char                             0x080006b1   Thumb Code    16  _printf_char.o(.text)
    _printf_string                           0x080006c1   Thumb Code     8  _printf_char.o(.text)
    _printf_char_file                        0x080006c9   Thumb Code    32  _printf_char_file.o(.text)
    __aeabi_memcpy4                          0x080006ed   Thumb Code     0  rt_memcpy_w.o(.text)
    __aeabi_memcpy8                          0x080006ed   Thumb Code     0  rt_memcpy_w.o(.text)
    __rt_memcpy_w                            0x080006ed   Thumb Code   100  rt_memcpy_w.o(.text)
    _memcpy_lastbytes_aligned                0x08000735   Thumb Code     0  rt_memcpy_w.o(.text)
    __aeabi_memclr                           0x08000751   Thumb Code     0  rt_memclr.o(.text)
    __rt_memclr                              0x08000751   Thumb Code    68  rt_memclr.o(.text)
    _memset                                  0x08000755   Thumb Code     0  rt_memclr.o(.text)
    ferror                                   0x08000795   Thumb Code     8  ferror.o(.text)
    _initio                                  0x0800079d   Thumb Code   210  initio.o(.text)
    _terminateio                             0x0800086f   Thumb Code    56  initio.o(.text)
    _sys_open                                0x080008d5   Thumb Code    20  sys_io.o(.text)
    _sys_close                               0x080008e9   Thumb Code    12  sys_io.o(.text)
    _sys_write                               0x080008f5   Thumb Code    16  sys_io.o(.text)
    _sys_read                                0x08000905   Thumb Code    14  sys_io.o(.text)
    _sys_istty                               0x08000913   Thumb Code    12  sys_io.o(.text)
    _sys_seek                                0x0800091f   Thumb Code    14  sys_io.o(.text)
    _sys_ensure                              0x0800092d   Thumb Code     2  sys_io.o(.text)
    _sys_flen                                0x0800092f   Thumb Code    12  sys_io.o(.text)
    __user_setup_stackheap                   0x0800093b   Thumb Code    74  sys_stackheap_outer.o(.text)
    free                                     0x08000985   Thumb Code    78  h1_free.o(.text)
    __flsbuf                                 0x080009d3   Thumb Code   470  flsbuf.o(.text)
    __flsbuf_byte                            0x080009d3   Thumb Code     0  flsbuf.o(.text)
    __flsbuf_wide                            0x080009d3   Thumb Code     0  flsbuf.o(.text)
    setvbuf                                  0x08000ba9   Thumb Code    70  setvbuf.o(.text)
    freopen                                  0x08000bf1   Thumb Code   158  fopen.o(.text)
    fopen                                    0x08000c8f   Thumb Code    74  fopen.o(.text)
    _fclose_internal                         0x08000cdd   Thumb Code    76  fclose.o(.text)
    fclose                                   0x08000cdd   Thumb Code     0  fclose.o(.text)
    exit                                     0x08000d29   Thumb Code    18  exit.o(.text)
    __rt_SIGRTRED                            0x08000d3b   Thumb Code    14  defsig_rtred_outer.o(.text)
    __user_libspace                          0x08000d49   Thumb Code     8  libspace.o(.text)
    __user_perproc_libspace                  0x08000d49   Thumb Code     0  libspace.o(.text)
    __user_perthread_libspace                0x08000d49   Thumb Code     0  libspace.o(.text)
    __I$use$semihosting                      0x08000d51   Thumb Code     0  use_no_semi.o(.text)
    __use_no_semihosting_swi                 0x08000d51   Thumb Code     2  use_no_semi.o(.text)
    __semihosting_library_function           0x08000d53   Thumb Code     0  indicate_semi.o(.text)
    __rt_heap_descriptor                     0x08000d55   Thumb Code     8  rt_heap_descriptor_intlibspace.o(.text)
    __use_no_heap                            0x08000d5d   Thumb Code     2  hguard.o(.text)
    __heap$guard                             0x08000d5f   Thumb Code     2  hguard.o(.text)
    _terminate_user_alloc                    0x08000d61   Thumb Code     2  init_alloc.o(.text)
    _init_user_alloc                         0x08000d63   Thumb Code     2  init_alloc.o(.text)
    __Heap_Full                              0x08000d65   Thumb Code    34  init_alloc.o(.text)
    __Heap_Broken                            0x08000d87   Thumb Code     6  init_alloc.o(.text)
    _init_alloc                              0x08000d8d   Thumb Code    94  init_alloc.o(.text)
    malloc                                   0x08000deb   Thumb Code    94  h1_alloc.o(.text)
    _fseek                                   0x08000e49   Thumb Code   242  fseek.o(.text)
    fseek                                    0x08000e49   Thumb Code     0  fseek.o(.text)
    _seterr                                  0x08000f41   Thumb Code    20  stdio.o(.text)
    _writebuf                                0x08000f55   Thumb Code    84  stdio.o(.text)
    _fflush                                  0x08000fa9   Thumb Code    70  stdio.o(.text)
    _deferredlazyseek                        0x08000fef   Thumb Code    60  stdio.o(.text)
    __sig_exit                               0x08001031   Thumb Code    10  defsig_exit.o(.text)
    __rt_SIGRTRED_inner                      0x0800103d   Thumb Code    14  defsig_rtred_inner.o(.text)
    _sys_exit                                0x08001071   Thumb Code     8  sys_exit.o(.text)
    __Heap_Initialize                        0x0800107d   Thumb Code    10  h1_init.o(.text)
    __Heap_DescSize                          0x08001087   Thumb Code     4  h1_init.o(.text)
    __Heap_ProvideMemory                     0x0800108b   Thumb Code    52  h1_extend.o(.text)
    _ftell_internal                          0x080010bf   Thumb Code    66  ftell.o(.text)
    ftell                                    0x080010bf   Thumb Code     0  ftell.o(.text)
    __default_signal_display                 0x08001101   Thumb Code    50  defsig_general.o(.text)
    __rt_SIGRTMEM                            0x08001133   Thumb Code    14  defsig_rtmem_outer.o(.text)
    _ttywrch                                 0x08001141   Thumb Code    14  sys_wrch.o(.text)
    __aeabi_errno_addr                       0x08001151   Thumb Code     8  rt_errno_addr_intlibspace.o(.text)
    __errno$intlibspace                      0x08001151   Thumb Code     0  rt_errno_addr_intlibspace.o(.text)
    __rt_errno_addr$intlibspace              0x08001151   Thumb Code     0  rt_errno_addr_intlibspace.o(.text)
    __rt_SIGRTMEM_inner                      0x08001159   Thumb Code    22  defsig_rtmem_inner.o(.text)
    BSP                                      0x080011a9   Thumb Code    32  main.o(i.BSP)
    BusFault_Handler                         0x080011c9   Thumb Code     4  stm32f4xx_it.o(i.BusFault_Handler)
    CAN1_RX0_IRQHandler                      0x080011cd   Thumb Code    40  it.o(i.CAN1_RX0_IRQHandler)
    CAN1_TX_IRQHandler                       0x08001201   Thumb Code    22  it.o(i.CAN1_TX_IRQHandler)
    CAN2_RX0_IRQHandler                      0x0800121d   Thumb Code    40  it.o(i.CAN2_RX0_IRQHandler)
    CAN2_TX_IRQHandler                       0x08001251   Thumb Code    22  it.o(i.CAN2_TX_IRQHandler)
    CAN_ClearFlag                            0x0800126d   Thumb Code    52  stm32f4xx_can.o(i.CAN_ClearFlag)
    CAN_ClearITPendingBit                    0x080012a5   Thumb Code   162  stm32f4xx_can.o(i.CAN_ClearITPendingBit)
    CAN_DeInit                               0x0800134d   Thumb Code    50  stm32f4xx_can.o(i.CAN_DeInit)
    CAN_FilterInit                           0x08001385   Thumb Code   258  stm32f4xx_can.o(i.CAN_FilterInit)
    CAN_GetITStatus                          0x0800148d   Thumb Code   284  stm32f4xx_can.o(i.CAN_GetITStatus)
    CAN_ITConfig                             0x080015ad   Thumb Code    18  stm32f4xx_can.o(i.CAN_ITConfig)
    CAN_Init                                 0x080015bf   Thumb Code   276  stm32f4xx_can.o(i.CAN_Init)
    CAN_Receive                              0x080016d3   Thumb Code   240  stm32f4xx_can.o(i.CAN_Receive)
    CAN_StructInit                           0x080017c3   Thumb Code    32  stm32f4xx_can.o(i.CAN_StructInit)
    DMA_ClearFlag                            0x080017f5   Thumb Code    38  stm32f4xx_dma.o(i.DMA_ClearFlag)
    DMA_Cmd                                  0x08001829   Thumb Code    22  stm32f4xx_dma.o(i.DMA_Cmd)
    DMA_DeInit                               0x08001841   Thumb Code   324  stm32f4xx_dma.o(i.DMA_DeInit)
    DMA_DoubleBufferModeCmd                  0x08001999   Thumb Code    22  stm32f4xx_dma.o(i.DMA_DoubleBufferModeCmd)
    DMA_DoubleBufferModeConfig               0x080019af   Thumb Code    24  stm32f4xx_dma.o(i.DMA_DoubleBufferModeConfig)
    DMA_GetCmdStatus                         0x080019c7   Thumb Code    20  stm32f4xx_dma.o(i.DMA_GetCmdStatus)
    DMA_Init                                 0x080019dd   Thumb Code    82  stm32f4xx_dma.o(i.DMA_Init)
    DMA_SetCurrDataCounter                   0x08001a35   Thumb Code     4  stm32f4xx_dma.o(i.DMA_SetCurrDataCounter)
    DMA_StructInit                           0x08001a39   Thumb Code    34  stm32f4xx_dma.o(i.DMA_StructInit)
    DebugMon_Handler                         0x08001a5b   Thumb Code     2  stm32f4xx_it.o(i.DebugMon_Handler)
    EDH                                      0x08001a5d   Thumb Code     8  main.o(i.EDH)
    GPIO_Init                                0x08001a65   Thumb Code   144  stm32f4xx_gpio.o(i.GPIO_Init)
    GPIO_PinAFConfig                         0x08001af5   Thumb Code    70  stm32f4xx_gpio.o(i.GPIO_PinAFConfig)
    GPIO_ResetBits                           0x08001b3b   Thumb Code     4  stm32f4xx_gpio.o(i.GPIO_ResetBits)
    GPIO_SetBits                             0x08001b3f   Thumb Code     4  stm32f4xx_gpio.o(i.GPIO_SetBits)
    HardFault_Handler                        0x08001b43   Thumb Code     4  stm32f4xx_it.o(i.HardFault_Handler)
    MemManage_Handler                        0x08001b47   Thumb Code     4  stm32f4xx_it.o(i.MemManage_Handler)
    NMI_Handler                              0x08001b4b   Thumb Code     2  stm32f4xx_it.o(i.NMI_Handler)
    NVIC_Init                                0x08001b4d   Thumb Code   106  misc.o(i.NVIC_Init)
    NVIC_PriorityGroupConfig                 0x08001bc5   Thumb Code    10  misc.o(i.NVIC_PriorityGroupConfig)
    Packet_Decode                            0x08001d51   Thumb Code   396  packet.o(i.Packet_Decode)
    Packet_DecodeInit                        0x08001ef5   Thumb Code    24  packet.o(i.Packet_DecodeInit)
    RCC_AHB1PeriphClockCmd                   0x08001f15   Thumb Code    26  stm32f4xx_rcc.o(i.RCC_AHB1PeriphClockCmd)
    RCC_AHB2PeriphClockCmd                   0x08001f35   Thumb Code    26  stm32f4xx_rcc.o(i.RCC_AHB2PeriphClockCmd)
    RCC_APB1PeriphClockCmd                   0x08001f55   Thumb Code    26  stm32f4xx_rcc.o(i.RCC_APB1PeriphClockCmd)
    RCC_APB1PeriphResetCmd                   0x08001f75   Thumb Code    26  stm32f4xx_rcc.o(i.RCC_APB1PeriphResetCmd)
    RCC_APB2PeriphClockCmd                   0x08001f95   Thumb Code    26  stm32f4xx_rcc.o(i.RCC_APB2PeriphClockCmd)
    RCC_APB2PeriphResetCmd                   0x08001fb5   Thumb Code    26  stm32f4xx_rcc.o(i.RCC_APB2PeriphResetCmd)
    RCC_GetClocksFreq                        0x08001fd5   Thumb Code   214  stm32f4xx_rcc.o(i.RCC_GetClocksFreq)
    RNG_Cmd                                  0x080020bd   Thumb Code    30  stm32f4xx_rng.o(i.RNG_Cmd)
    RNG_Init                                 0x080020e1   Thumb Code    18  rng.o(i.RNG_Init)
    SysTick_Handler                          0x080021e1   Thumb Code    16  delay.o(i.SysTick_Handler)
    SystemInit                               0x080021f1   Thumb Code    88  system_stm32f4xx.o(i.SystemInit)
    TIM3_IRQHandler                          0x08002259   Thumb Code    22  it.o(i.TIM3_IRQHandler)
    TIM4_IRQHandler                          0x08002275   Thumb Code    32  it.o(i.TIM4_IRQHandler)
    TIM_ARRPreloadConfig                     0x080022a1   Thumb Code    24  stm32f4xx_tim.o(i.TIM_ARRPreloadConfig)
    TIM_ClearITPendingBit                    0x080022b9   Thumb Code     6  stm32f4xx_tim.o(i.TIM_ClearITPendingBit)
    TIM_Cmd                                  0x080022bf   Thumb Code    24  stm32f4xx_tim.o(i.TIM_Cmd)
    TIM_GetITStatus                          0x080022d7   Thumb Code    34  stm32f4xx_tim.o(i.TIM_GetITStatus)
    TIM_ITConfig                             0x080022f9   Thumb Code    18  stm32f4xx_tim.o(i.TIM_ITConfig)
    TIM_TimeBaseInit                         0x0800230d   Thumb Code   104  stm32f4xx_tim.o(i.TIM_TimeBaseInit)
    Task_DataSend                            0x08002391   Thumb Code    18  user_task.o(i.Task_DataSend)
    Task_Hi219mDataDecode                    0x080023a5   Thumb Code    76  user_task.o(i.Task_Hi219mDataDecode)
    Task_Init                                0x08002401   Thumb Code   114  main.o(i.Task_Init)
    Task_Main                                0x080024cd   Thumb Code    18  user_task.o(i.Task_Main)
    Task_TimeCount                           0x080024df   Thumb Code    18  user_task.o(i.Task_TimeCount)
    UART4_IRQHandler                         0x080024f1   Thumb Code   152  it.o(i.UART4_IRQHandler)
    UART5_IRQHandler                         0x080025a1   Thumb Code     2  it.o(i.UART5_IRQHandler)
    USART1_IRQHandler                        0x080025a3   Thumb Code     2  it.o(i.USART1_IRQHandler)
    USART6_IRQHandler                        0x080025a5   Thumb Code     2  it.o(i.USART6_IRQHandler)
    USART_Cmd                                0x080025a7   Thumb Code    24  stm32f4xx_usart.o(i.USART_Cmd)
    USART_DMACmd                             0x080025bf   Thumb Code    18  stm32f4xx_usart.o(i.USART_DMACmd)
    USART_DeInit                             0x080025d1   Thumb Code   206  stm32f4xx_usart.o(i.USART_DeInit)
    USART_GetITStatus                        0x080026c1   Thumb Code    84  stm32f4xx_usart.o(i.USART_GetITStatus)
    USART_ITConfig                           0x08002715   Thumb Code    74  stm32f4xx_usart.o(i.USART_ITConfig)
    USART_Init                               0x08002761   Thumb Code   204  stm32f4xx_usart.o(i.USART_Init)
    USART_StructInit                         0x08002835   Thumb Code    24  stm32f4xx_usart.o(i.USART_StructInit)
    UsageFault_Handler                       0x0800284d   Thumb Code     4  stm32f4xx_it.o(i.UsageFault_Handler)
    configCAN_Init                           0x08002851   Thumb Code   314  can.o(i.configCAN_Init)
    configDMA_Init                           0x08002995   Thumb Code   200  dma.o(i.configDMA_Init)
    configHi219m_ParaInit                    0x08002a75   Thumb Code     8  hi219m.o(i.configHi219m_ParaInit)
    configIO_Init                            0x08002a7d   Thumb Code   674  io.o(i.configIO_Init)
    configNVIC_Init                          0x08002d31   Thumb Code   334  nvic.o(i.configNVIC_Init)
    configTIM_Init                           0x08002e81   Thumb Code   132  tim.o(i.configTIM_Init)
    configUART_Init                          0x08002f0d   Thumb Code   460  uart.o(i.configUART_Init)
    fnHi219m_DataDecode                      0x08003131   Thumb Code   336  hi219m.o(i.fnHi219m_DataDecode)
    fputc                                    0x08003291   Thumb Code    26  fputc.o(i.fputc)
    get_eular                                0x080032ad   Thumb Code    14  imu_data_decode.o(i.get_eular)
    get_raw_gyo                              0x080032c1   Thumb Code    16  imu_data_decode.o(i.get_raw_gyo)
    imu_data_decode_init                     0x080032d5   Thumb Code    14  imu_data_decode.o(i.imu_data_decode_init)
    main                                     0x080032ed   Thumb Code    20  main.o(i.main)
    pvPortMalloc                             0x08003de9   Thumb Code   262  heap_4.o(i.pvPortMalloc)
    pvTaskIncrementMutexHeldCount            0x08003f39   Thumb Code    26  tasks.o(i.pvTaskIncrementMutexHeldCount)
    pxPortInitialiseStack                    0x08003f59   Thumb Code    38  port.o(i.pxPortInitialiseStack)
    uxListRemove                             0x08003f85   Thumb Code    40  list.o(i.uxListRemove)
    vListInitialise                          0x08003fad   Thumb Code    26  list.o(i.vListInitialise)
    vListInitialiseItem                      0x08003fc7   Thumb Code     6  list.o(i.vListInitialiseItem)
    vListInsert                              0x08003fcd   Thumb Code    52  list.o(i.vListInsert)
    vListInsertEnd                           0x08004001   Thumb Code    24  list.o(i.vListInsertEnd)
    vPortEnterCritical                       0x08004019   Thumb Code    68  port.o(i.vPortEnterCritical)
    vPortExitCritical                        0x0800409d   Thumb Code    48  port.o(i.vPortExitCritical)
    vPortFree                                0x08004109   Thumb Code   120  heap_4.o(i.vPortFree)
    vPortSetupTimerInterrupt                 0x080041bd   Thumb Code    26  port.o(i.vPortSetupTimerInterrupt)
    vPortValidateInterruptPriority           0x080041dd   Thumb Code    86  port.o(i.vPortValidateInterruptPriority)
    vQueueAddToRegistry                      0x08004279   Thumb Code    38  queue.o(i.vQueueAddToRegistry)
    vQueueWaitForMessageRestricted           0x080042a5   Thumb Code    74  queue.o(i.vQueueWaitForMessageRestricted)
    vTaskDelay                               0x080042f1   Thumb Code    72  tasks.o(i.vTaskDelay)
    vTaskDelayUntil                          0x08004365   Thumb Code   170  tasks.o(i.vTaskDelayUntil)
    vTaskMissedYield                         0x08004441   Thumb Code     8  tasks.o(i.vTaskMissedYield)
    vTaskPlaceOnEventList                    0x0800444d   Thumb Code    42  tasks.o(i.vTaskPlaceOnEventList)
    vTaskPlaceOnEventListRestricted          0x080044a1   Thumb Code    50  tasks.o(i.vTaskPlaceOnEventListRestricted)
    vTaskPriorityInherit                     0x080044fd   Thumb Code   164  tasks.o(i.vTaskPriorityInherit)
    vTaskSetTimeOutState                     0x080045ad   Thumb Code    32  tasks.o(i.vTaskSetTimeOutState)
    vTaskStartScheduler                      0x080045f9   Thumb Code   108  tasks.o(i.vTaskStartScheduler)
    vTaskSuspendAll                          0x080046a5   Thumb Code    12  tasks.o(i.vTaskSuspendAll)
    vTaskSwitchContext                       0x080046b5   Thumb Code   110  tasks.o(i.vTaskSwitchContext)
    xPortStartScheduler                      0x0800475d   Thumb Code   258  port.o(i.xPortStartScheduler)
    xPortSysTickHandler                      0x080048b5   Thumb Code    46  port.o(i.xPortSysTickHandler)
    xQueueGenericCreate                      0x080048e9   Thumb Code    78  queue.o(i.xQueueGenericCreate)
    xQueueGenericReceive                     0x0800495d   Thumb Code   416  queue.o(i.xQueueGenericReceive)
    xQueueGenericReset                       0x08004b25   Thumb Code   136  queue.o(i.xQueueGenericReset)
    xQueueGenericSend                        0x08004bd5   Thumb Code   412  queue.o(i.xQueueGenericSend)
    xQueueGenericSendFromISR                 0x08004d99   Thumb Code   234  queue.o(i.xQueueGenericSendFromISR)
    xQueueGiveFromISR                        0x08004ea9   Thumb Code   216  queue.o(i.xQueueGiveFromISR)
    xTaskCheckForTimeOut                     0x08004fa5   Thumb Code   116  tasks.o(i.xTaskCheckForTimeOut)
    xTaskCreate                              0x08005045   Thumb Code    96  tasks.o(i.xTaskCreate)
    xTaskGetSchedulerState                   0x080050a5   Thumb Code    24  tasks.o(i.xTaskGetSchedulerState)
    xTaskGetTickCount                        0x080050c5   Thumb Code     6  tasks.o(i.xTaskGetTickCount)
    xTaskIncrementTick                       0x080050d1   Thumb Code   272  tasks.o(i.xTaskIncrementTick)
    xTaskPriorityDisinherit                  0x08005231   Thumb Code   168  tasks.o(i.xTaskPriorityDisinherit)
    xTaskRemoveFromEventList                 0x08005309   Thumb Code   118  tasks.o(i.xTaskRemoveFromEventList)
    xTaskResumeAll                           0x080053bd   Thumb Code   214  tasks.o(i.xTaskResumeAll)
    xTimerCreateTimerTask                    0x080054dd   Thumb Code    56  timers.o(i.xTimerCreateTimerTask)
    xTimerGenericCommand                     0x0800554d   Thumb Code   118  timers.o(i.xTimerGenericCommand)
    _fp_init                                 0x080055ed   Thumb Code    10  fpinit.o(x$fpl$fpinit)
    __fplib_config_fpu_vfp                   0x080055f5   Thumb Code     0  fpinit.o(x$fpl$fpinit)
    __fplib_config_pureend_doubles           0x080055f5   Thumb Code     0  fpinit.o(x$fpl$fpinit)
    __stdin_name                             0x080055f6   Data           4  sys_io.o(.constdata)
    __stdout_name                            0x080055fa   Data           4  sys_io.o(.constdata)
    __stderr_name                            0x080055fe   Data           4  sys_io.o(.constdata)
    Region$$Table$$Base                      0x08005604   Number         0  anon$$obj.o(Region$$Table)
    Region$$Table$$Limit                     0x08005624   Number         0  anon$$obj.o(Region$$Table)
    SystemCoreClock                          0x20000000   Data           4  system_stm32f4xx.o(.data)
    AHBPrescTable                            0x20000004   Data          16  system_stm32f4xx.o(.data)
    pxCurrentTCB                             0x20000024   Data           4  tasks.o(.data)
    P_uintH219BuffLength                     0x20000098   Data           2  hi219m.o(.data)
    P_shH219DataDecode_Binary                0x200000c4   Data           4  user_task.o(.data)
    __aeabi_stdin                            0x200000c8   Data           4  stdio_streams.o(.data)
    __aeabi_stdout                           0x200000cc   Data           4  stdio_streams.o(.data)
    __aeabi_stderr                           0x200000d0   Data           4  stdio_streams.o(.data)
    xQueueRegistry                           0x200000d4   Data          64  queue.o(.bss)
    P_stCAN1DataRecv                         0x20005420   Data          20  it.o(.bss)
    P_stCAN2DataRecv                         0x20005434   Data          20  it.o(.bss)
    P_uintH219MDataBuffer                    0x20005448   Data         128  hi219m.o(.bss)
    P_stHi219m                               0x200054c8   Data          48  hi219m.o(.bss)
    Eular                                    0x200054f8   Data          12  hi219m.o(.bss)
    P_uintRemote_Data_Buf                    0x200055ac   Data          60  rm_remote.o(.bss)
    P_stRemoteData_Recv                      0x200055e8   Data          72  rm_remote.o(.bss)
    P_stRemoteData_Recv_Last                 0x20005630   Data          72  rm_remote.o(.bss)
    __stdin                                  0x2000568c   Data          84  stdio_streams.o(.bss)
    __stdout                                 0x200056e0   Data          84  stdio_streams.o(.bss)
    __stderr                                 0x20005734   Data          84  stdio_streams.o(.bss)
    __libspace_start                         0x20005788   Data          96  libspace.o(.bss)
    __temporary_stack_top$libspace           0x200057e8   Data           0  libspace.o(.bss)



==============================================================================

Memory Map of the image

  Image Entry point : 0x08000189

  Load Region LR_IROM1 (Base: 0x08000000, Size: 0x000056f8, Max: 0x00080000, ABSOLUTE)

    Execution Region ER_IROM1 (Exec base: 0x08000000, Load base: 0x08000000, Size: 0x00005624, Max: 0x00080000, ABSOLUTE)

    Exec Addr    Load Addr    Size         Type   Attr      Idx    E Section Name        Object

    0x08000000   0x08000000   0x00000188   Data   RO          445    RESET               startup_stm32f40_41xxx.o
    0x08000188   0x08000188   0x00000008   Code   RO         7197  * !!!main             c_w.l(__main.o)
    0x08000190   0x08000190   0x00000034   Code   RO         7548    !!!scatter          c_w.l(__scatter.o)
    0x080001c4   0x080001c4   0x0000001a   Code   RO         7550    !!handler_copy      c_w.l(__scatter_copy.o)
    0x080001de   0x080001de   0x00000002   PAD
    0x080001e0   0x080001e0   0x0000001c   Code   RO         7552    !!handler_zi        c_w.l(__scatter_zi.o)
    0x080001fc   0x080001fc   0x00000000   Code   RO         7184    .ARM.Collect$$_printf_percent$$00000000  c_w.l(_printf_percent.o)
    0x080001fc   0x080001fc   0x00000006   Code   RO         7182    .ARM.Collect$$_printf_percent$$00000009  c_w.l(_printf_d.o)
    0x08000202   0x08000202   0x00000006   Code   RO         7180    .ARM.Collect$$_printf_percent$$00000014  c_w.l(_printf_s.o)
    0x08000208   0x08000208   0x00000004   Code   RO         7210    .ARM.Collect$$_printf_percent$$00000017  c_w.l(_printf_percent_end.o)
    0x0800020c   0x0800020c   0x00000002   Code   RO         7341    .ARM.Collect$$libinit$$00000000  c_w.l(libinit.o)
    0x0800020e   0x0800020e   0x00000004   Code   RO         7342    .ARM.Collect$$libinit$$00000001  c_w.l(libinit2.o)
    0x08000212   0x08000212   0x00000000   Code   RO         7345    .ARM.Collect$$libinit$$00000004  c_w.l(libinit2.o)
    0x08000212   0x08000212   0x00000008   Code   RO         7346    .ARM.Collect$$libinit$$00000005  c_w.l(libinit2.o)
    0x0800021a   0x0800021a   0x00000000   Code   RO         7348    .ARM.Collect$$libinit$$0000000A  c_w.l(libinit2.o)
    0x0800021a   0x0800021a   0x00000000   Code   RO         7350    .ARM.Collect$$libinit$$0000000C  c_w.l(libinit2.o)
    0x0800021a   0x0800021a   0x00000000   Code   RO         7352    .ARM.Collect$$libinit$$0000000E  c_w.l(libinit2.o)
    0x0800021a   0x0800021a   0x00000000   Code   RO         7355    .ARM.Collect$$libinit$$00000011  c_w.l(libinit2.o)
    0x0800021a   0x0800021a   0x00000000   Code   RO         7357    .ARM.Collect$$libinit$$00000013  c_w.l(libinit2.o)
    0x0800021a   0x0800021a   0x00000000   Code   RO         7359    .ARM.Collect$$libinit$$00000015  c_w.l(libinit2.o)
    0x0800021a   0x0800021a   0x00000000   Code   RO         7361    .ARM.Collect$$libinit$$00000017  c_w.l(libinit2.o)
    0x0800021a   0x0800021a   0x00000000   Code   RO         7363    .ARM.Collect$$libinit$$00000019  c_w.l(libinit2.o)
    0x0800021a   0x0800021a   0x00000000   Code   RO         7365    .ARM.Collect$$libinit$$0000001B  c_w.l(libinit2.o)
    0x0800021a   0x0800021a   0x00000000   Code   RO         7367    .ARM.Collect$$libinit$$0000001D  c_w.l(libinit2.o)
    0x0800021a   0x0800021a   0x00000000   Code   RO         7369    .ARM.Collect$$libinit$$0000001F  c_w.l(libinit2.o)
    0x0800021a   0x0800021a   0x00000000   Code   RO         7371    .ARM.Collect$$libinit$$00000021  c_w.l(libinit2.o)
    0x0800021a   0x0800021a   0x00000000   Code   RO         7373    .ARM.Collect$$libinit$$00000023  c_w.l(libinit2.o)
    0x0800021a   0x0800021a   0x00000004   Code   RO         7374    .ARM.Collect$$libinit$$00000024  c_w.l(libinit2.o)
    0x0800021e   0x0800021e   0x00000000   Code   RO         7375    .ARM.Collect$$libinit$$00000025  c_w.l(libinit2.o)
    0x0800021e   0x0800021e   0x00000000   Code   RO         7379    .ARM.Collect$$libinit$$0000002C  c_w.l(libinit2.o)
    0x0800021e   0x0800021e   0x00000000   Code   RO         7381    .ARM.Collect$$libinit$$0000002E  c_w.l(libinit2.o)
    0x0800021e   0x0800021e   0x00000000   Code   RO         7383    .ARM.Collect$$libinit$$00000030  c_w.l(libinit2.o)
    0x0800021e   0x0800021e   0x00000000   Code   RO         7385    .ARM.Collect$$libinit$$00000032  c_w.l(libinit2.o)
    0x0800021e   0x0800021e   0x00000002   Code   RO         7386    .ARM.Collect$$libinit$$00000033  c_w.l(libinit2.o)
    0x08000220   0x08000220   0x00000002   Code   RO         7527    .ARM.Collect$$libshutdown$$00000000  c_w.l(libshutdown.o)
    0x08000222   0x08000222   0x00000000   Code   RO         7388    .ARM.Collect$$libshutdown$$00000002  c_w.l(libshutdown2.o)
    0x08000222   0x08000222   0x00000004   Code   RO         7389    .ARM.Collect$$libshutdown$$00000003  c_w.l(libshutdown2.o)
    0x08000226   0x08000226   0x00000000   Code   RO         7390    .ARM.Collect$$libshutdown$$00000004  c_w.l(libshutdown2.o)
    0x08000226   0x08000226   0x00000000   Code   RO         7393    .ARM.Collect$$libshutdown$$00000007  c_w.l(libshutdown2.o)
    0x08000226   0x08000226   0x00000000   Code   RO         7396    .ARM.Collect$$libshutdown$$0000000A  c_w.l(libshutdown2.o)
    0x08000226   0x08000226   0x00000000   Code   RO         7398    .ARM.Collect$$libshutdown$$0000000C  c_w.l(libshutdown2.o)
    0x08000226   0x08000226   0x00000000   Code   RO         7401    .ARM.Collect$$libshutdown$$0000000F  c_w.l(libshutdown2.o)
    0x08000226   0x08000226   0x00000002   Code   RO         7402    .ARM.Collect$$libshutdown$$00000010  c_w.l(libshutdown2.o)
    0x08000228   0x08000228   0x00000000   Code   RO         7199    .ARM.Collect$$rtentry$$00000000  c_w.l(__rtentry.o)
    0x08000228   0x08000228   0x00000000   Code   RO         7222    .ARM.Collect$$rtentry$$00000002  c_w.l(__rtentry2.o)
    0x08000228   0x08000228   0x00000006   Code   RO         7234    .ARM.Collect$$rtentry$$00000004  c_w.l(__rtentry4.o)
    0x0800022e   0x0800022e   0x00000000   Code   RO         7224    .ARM.Collect$$rtentry$$00000009  c_w.l(__rtentry2.o)
    0x0800022e   0x0800022e   0x00000004   Code   RO         7225    .ARM.Collect$$rtentry$$0000000A  c_w.l(__rtentry2.o)
    0x08000232   0x08000232   0x00000000   Code   RO         7227    .ARM.Collect$$rtentry$$0000000C  c_w.l(__rtentry2.o)
    0x08000232   0x08000232   0x00000008   Code   RO         7228    .ARM.Collect$$rtentry$$0000000D  c_w.l(__rtentry2.o)
    0x0800023a   0x0800023a   0x00000002   Code   RO         7411    .ARM.Collect$$rtexit$$00000000  c_w.l(rtexit.o)
    0x0800023c   0x0800023c   0x00000000   Code   RO         7465    .ARM.Collect$$rtexit$$00000002  c_w.l(rtexit2.o)
    0x0800023c   0x0800023c   0x00000004   Code   RO         7466    .ARM.Collect$$rtexit$$00000003  c_w.l(rtexit2.o)
    0x08000240   0x08000240   0x00000006   Code   RO         7467    .ARM.Collect$$rtexit$$00000004  c_w.l(rtexit2.o)
    0x08000246   0x08000246   0x00000002   PAD
    0x08000248   0x08000248   0x000000b6   Code   RO         6130    .emb_text           port.o
    0x080002fe   0x080002fe   0x00000002   PAD
    0x08000300   0x08000300   0x00000000   Code   RO         7471    .emb_text           c_w.l(maybetermalloc1.o)
    0x08000300   0x08000300   0x00000040   Code   RO          446    .text               startup_stm32f40_41xxx.o
    0x08000340   0x08000340   0x00000018   Code   RO         7128    .text               c_w.l(noretval__2printf.o)
    0x08000358   0x08000358   0x00000068   Code   RO         7132    .text               c_w.l(__printf.o)
    0x080003c0   0x080003c0   0x00000052   Code   RO         7134    .text               c_w.l(_printf_str.o)
    0x08000412   0x08000412   0x00000002   PAD
    0x08000414   0x08000414   0x00000078   Code   RO         7136    .text               c_w.l(_printf_dec.o)
    0x0800048c   0x0800048c   0x0000003e   Code   RO         7187    .text               c_w.l(strlen.o)
    0x080004ca   0x080004ca   0x0000008a   Code   RO         7189    .text               c_w.l(rt_memcpy_v6.o)
    0x08000554   0x08000554   0x00000010   Code   RO         7191    .text               c_w.l(aeabi_memset.o)
    0x08000564   0x08000564   0x0000004e   Code   RO         7193    .text               c_w.l(rt_memclr_w.o)
    0x080005b2   0x080005b2   0x00000006   Code   RO         7195    .text               c_w.l(heapauxi.o)
    0x080005b8   0x080005b8   0x000000b2   Code   RO         7200    .text               c_w.l(_printf_intcommon.o)
    0x0800066a   0x0800066a   0x00000002   PAD
    0x0800066c   0x0800066c   0x00000030   Code   RO         7202    .text               c_w.l(_printf_char_common.o)
    0x0800069c   0x0800069c   0x0000002c   Code   RO         7206    .text               c_w.l(_printf_char.o)
    0x080006c8   0x080006c8   0x00000024   Code   RO         7208    .text               c_w.l(_printf_char_file.o)
    0x080006ec   0x080006ec   0x00000064   Code   RO         7217    .text               c_w.l(rt_memcpy_w.o)
    0x08000750   0x08000750   0x00000044   Code   RO         7219    .text               c_w.l(rt_memclr.o)
    0x08000794   0x08000794   0x00000008   Code   RO         7238    .text               c_w.l(ferror.o)
    0x0800079c   0x0800079c   0x00000138   Code   RO         7244    .text               c_w.l(initio.o)
    0x080008d4   0x080008d4   0x00000066   Code   RO         7252    .text               c_w.l(sys_io.o)
    0x0800093a   0x0800093a   0x0000004a   Code   RO         7259    .text               c_w.l(sys_stackheap_outer.o)
    0x08000984   0x08000984   0x0000004e   Code   RO         7263    .text               c_w.l(h1_free.o)
    0x080009d2   0x080009d2   0x000001d6   Code   RO         7317    .text               c_w.l(flsbuf.o)
    0x08000ba8   0x08000ba8   0x00000046   Code   RO         7319    .text               c_w.l(setvbuf.o)
    0x08000bee   0x08000bee   0x00000002   PAD
    0x08000bf0   0x08000bf0   0x000000ec   Code   RO         7322    .text               c_w.l(fopen.o)
    0x08000cdc   0x08000cdc   0x0000004c   Code   RO         7324    .text               c_w.l(fclose.o)
    0x08000d28   0x08000d28   0x00000012   Code   RO         7330    .text               c_w.l(exit.o)
    0x08000d3a   0x08000d3a   0x0000000e   Code   RO         7332    .text               c_w.l(defsig_rtred_outer.o)
    0x08000d48   0x08000d48   0x00000008   Code   RO         7405    .text               c_w.l(libspace.o)
    0x08000d50   0x08000d50   0x00000002   Code   RO         7408    .text               c_w.l(use_no_semi.o)
    0x08000d52   0x08000d52   0x00000000   Code   RO         7410    .text               c_w.l(indicate_semi.o)
    0x08000d52   0x08000d52   0x00000002   PAD
    0x08000d54   0x08000d54   0x00000008   Code   RO         7418    .text               c_w.l(rt_heap_descriptor_intlibspace.o)
    0x08000d5c   0x08000d5c   0x00000004   Code   RO         7420    .text               c_w.l(hguard.o)
    0x08000d60   0x08000d60   0x0000008a   Code   RO         7422    .text               c_w.l(init_alloc.o)
    0x08000dea   0x08000dea   0x0000005e   Code   RO         7428    .text               c_w.l(h1_alloc.o)
    0x08000e48   0x08000e48   0x000000f8   Code   RO         7444    .text               c_w.l(fseek.o)
    0x08000f40   0x08000f40   0x000000f0   Code   RO         7446    .text               c_w.l(stdio.o)
    0x08001030   0x08001030   0x0000000a   Code   RO         7452    .text               c_w.l(defsig_exit.o)
    0x0800103a   0x0800103a   0x00000002   PAD
    0x0800103c   0x0800103c   0x00000034   Code   RO         7454    .text               c_w.l(defsig_rtred_inner.o)
    0x08001070   0x08001070   0x0000000c   Code   RO         7462    .text               c_w.l(sys_exit.o)
    0x0800107c   0x0800107c   0x0000000e   Code   RO         7473    .text               c_w.l(h1_init.o)
    0x0800108a   0x0800108a   0x00000034   Code   RO         7475    .text               c_w.l(h1_extend.o)
    0x080010be   0x080010be   0x00000042   Code   RO         7485    .text               c_w.l(ftell.o)
    0x08001100   0x08001100   0x00000032   Code   RO         7493    .text               c_w.l(defsig_general.o)
    0x08001132   0x08001132   0x0000000e   Code   RO         7495    .text               c_w.l(defsig_rtmem_outer.o)
    0x08001140   0x08001140   0x0000000e   Code   RO         7508    .text               c_w.l(sys_wrch.o)
    0x0800114e   0x0800114e   0x00000002   PAD
    0x08001150   0x08001150   0x00000008   Code   RO         7515    .text               c_w.l(rt_errno_addr_intlibspace.o)
    0x08001158   0x08001158   0x00000050   Code   RO         7521    .text               c_w.l(defsig_rtmem_inner.o)
    0x080011a8   0x080011a8   0x00000020   Code   RO            3    i.BSP               main.o
    0x080011c8   0x080011c8   0x00000004   Code   RO          270    i.BusFault_Handler  stm32f4xx_it.o
    0x080011cc   0x080011cc   0x00000034   Code   RO         6364    i.CAN1_RX0_IRQHandler  it.o
    0x08001200   0x08001200   0x0000001c   Code   RO         6365    i.CAN1_TX_IRQHandler  it.o
    0x0800121c   0x0800121c   0x00000034   Code   RO         6366    i.CAN2_RX0_IRQHandler  it.o
    0x08001250   0x08001250   0x0000001c   Code   RO         6367    i.CAN2_TX_IRQHandler  it.o
    0x0800126c   0x0800126c   0x00000038   Code   RO          739    i.CAN_ClearFlag     stm32f4xx_can.o
    0x080012a4   0x080012a4   0x000000a8   Code   RO          740    i.CAN_ClearITPendingBit  stm32f4xx_can.o
    0x0800134c   0x0800134c   0x00000038   Code   RO          742    i.CAN_DeInit        stm32f4xx_can.o
    0x08001384   0x08001384   0x00000108   Code   RO          744    i.CAN_FilterInit    stm32f4xx_can.o
    0x0800148c   0x0800148c   0x00000120   Code   RO          746    i.CAN_GetITStatus   stm32f4xx_can.o
    0x080015ac   0x080015ac   0x00000012   Code   RO          750    i.CAN_ITConfig      stm32f4xx_can.o
    0x080015be   0x080015be   0x00000114   Code   RO          751    i.CAN_Init          stm32f4xx_can.o
    0x080016d2   0x080016d2   0x000000f0   Code   RO          754    i.CAN_Receive       stm32f4xx_can.o
    0x080017c2   0x080017c2   0x00000020   Code   RO          757    i.CAN_StructInit    stm32f4xx_can.o
    0x080017e2   0x080017e2   0x00000012   Code   RO          762    i.CheckITStatus     stm32f4xx_can.o
    0x080017f4   0x080017f4   0x00000034   Code   RO         1439    i.DMA_ClearFlag     stm32f4xx_dma.o
    0x08001828   0x08001828   0x00000016   Code   RO         1441    i.DMA_Cmd           stm32f4xx_dma.o
    0x0800183e   0x0800183e   0x00000002   PAD
    0x08001840   0x08001840   0x00000158   Code   RO         1442    i.DMA_DeInit        stm32f4xx_dma.o
    0x08001998   0x08001998   0x00000016   Code   RO         1443    i.DMA_DoubleBufferModeCmd  stm32f4xx_dma.o
    0x080019ae   0x080019ae   0x00000018   Code   RO         1444    i.DMA_DoubleBufferModeConfig  stm32f4xx_dma.o
    0x080019c6   0x080019c6   0x00000014   Code   RO         1446    i.DMA_GetCmdStatus  stm32f4xx_dma.o
    0x080019da   0x080019da   0x00000002   PAD
    0x080019dc   0x080019dc   0x00000058   Code   RO         1453    i.DMA_Init          stm32f4xx_dma.o
    0x08001a34   0x08001a34   0x00000004   Code   RO         1456    i.DMA_SetCurrDataCounter  stm32f4xx_dma.o
    0x08001a38   0x08001a38   0x00000022   Code   RO         1457    i.DMA_StructInit    stm32f4xx_dma.o
    0x08001a5a   0x08001a5a   0x00000002   Code   RO          271    i.DebugMon_Handler  stm32f4xx_it.o
    0x08001a5c   0x08001a5c   0x00000008   Code   RO            4    i.EDH               main.o
    0x08001a64   0x08001a64   0x00000090   Code   RO         2175    i.GPIO_Init         stm32f4xx_gpio.o
    0x08001af4   0x08001af4   0x00000046   Code   RO         2176    i.GPIO_PinAFConfig  stm32f4xx_gpio.o
    0x08001b3a   0x08001b3a   0x00000004   Code   RO         2182    i.GPIO_ResetBits    stm32f4xx_gpio.o
    0x08001b3e   0x08001b3e   0x00000004   Code   RO         2183    i.GPIO_SetBits      stm32f4xx_gpio.o
    0x08001b42   0x08001b42   0x00000004   Code   RO          272    i.HardFault_Handler  stm32f4xx_it.o
    0x08001b46   0x08001b46   0x00000004   Code   RO          273    i.MemManage_Handler  stm32f4xx_it.o
    0x08001b4a   0x08001b4a   0x00000002   Code   RO          274    i.NMI_Handler       stm32f4xx_it.o
    0x08001b4c   0x08001b4c   0x00000078   Code   RO          452    i.NVIC_Init         misc.o
    0x08001bc4   0x08001bc4   0x00000014   Code   RO          453    i.NVIC_PriorityGroupConfig  misc.o
    0x08001bd8   0x08001bd8   0x00000178   Code   RO         6762    i.OnDataReceived    imu_data_decode.o
    0x08001d50   0x08001d50   0x000001a4   Code   RO         6832    i.Packet_Decode     packet.o
    0x08001ef4   0x08001ef4   0x00000020   Code   RO         6833    i.Packet_DecodeInit  packet.o
    0x08001f14   0x08001f14   0x00000020   Code   RO         3039    i.RCC_AHB1PeriphClockCmd  stm32f4xx_rcc.o
    0x08001f34   0x08001f34   0x00000020   Code   RO         3042    i.RCC_AHB2PeriphClockCmd  stm32f4xx_rcc.o
    0x08001f54   0x08001f54   0x00000020   Code   RO         3048    i.RCC_APB1PeriphClockCmd  stm32f4xx_rcc.o
    0x08001f74   0x08001f74   0x00000020   Code   RO         3050    i.RCC_APB1PeriphResetCmd  stm32f4xx_rcc.o
    0x08001f94   0x08001f94   0x00000020   Code   RO         3051    i.RCC_APB2PeriphClockCmd  stm32f4xx_rcc.o
    0x08001fb4   0x08001fb4   0x00000020   Code   RO         3053    i.RCC_APB2PeriphResetCmd  stm32f4xx_rcc.o
    0x08001fd4   0x08001fd4   0x000000e8   Code   RO         3060    i.RCC_GetClocksFreq  stm32f4xx_rcc.o
    0x080020bc   0x080020bc   0x00000024   Code   RO         3375    i.RNG_Cmd           stm32f4xx_rng.o
    0x080020e0   0x080020e0   0x00000012   Code   RO         6469    i.RNG_Init          rng.o
    0x080020f2   0x080020f2   0x00000002   PAD
    0x080020f4   0x080020f4   0x000000ec   Code   RO          323    i.SetSysClock       system_stm32f4xx.o
    0x080021e0   0x080021e0   0x00000010   Code   RO          360    i.SysTick_Handler   delay.o
    0x080021f0   0x080021f0   0x00000068   Code   RO          325    i.SystemInit        system_stm32f4xx.o
    0x08002258   0x08002258   0x0000001c   Code   RO         6368    i.TIM3_IRQHandler   it.o
    0x08002274   0x08002274   0x0000002c   Code   RO         6369    i.TIM4_IRQHandler   it.o
    0x080022a0   0x080022a0   0x00000018   Code   RO         4374    i.TIM_ARRPreloadConfig  stm32f4xx_tim.o
    0x080022b8   0x080022b8   0x00000006   Code   RO         4381    i.TIM_ClearITPendingBit  stm32f4xx_tim.o
    0x080022be   0x080022be   0x00000018   Code   RO         4386    i.TIM_Cmd           stm32f4xx_tim.o
    0x080022d6   0x080022d6   0x00000022   Code   RO         4407    i.TIM_GetITStatus   stm32f4xx_tim.o
    0x080022f8   0x080022f8   0x00000012   Code   RO         4411    i.TIM_ITConfig      stm32f4xx_tim.o
    0x0800230a   0x0800230a   0x00000002   PAD
    0x0800230c   0x0800230c   0x00000084   Code   RO         4458    i.TIM_TimeBaseInit  stm32f4xx_tim.o
    0x08002390   0x08002390   0x00000012   Code   RO         7080    i.Task_DataSend     user_task.o
    0x080023a2   0x080023a2   0x00000002   PAD
    0x080023a4   0x080023a4   0x0000005c   Code   RO         7081    i.Task_Hi219mDataDecode  user_task.o
    0x08002400   0x08002400   0x000000cc   Code   RO            5    i.Task_Init         main.o
    0x080024cc   0x080024cc   0x00000012   Code   RO         7082    i.Task_Main         user_task.o
    0x080024de   0x080024de   0x00000012   Code   RO         7083    i.Task_TimeCount    user_task.o
    0x080024f0   0x080024f0   0x000000b0   Code   RO         6370    i.UART4_IRQHandler  it.o
    0x080025a0   0x080025a0   0x00000002   Code   RO         6371    i.UART5_IRQHandler  it.o
    0x080025a2   0x080025a2   0x00000002   Code   RO         6372    i.USART1_IRQHandler  it.o
    0x080025a4   0x080025a4   0x00000002   Code   RO         6373    i.USART6_IRQHandler  it.o
    0x080025a6   0x080025a6   0x00000018   Code   RO         4936    i.USART_Cmd         stm32f4xx_usart.o
    0x080025be   0x080025be   0x00000012   Code   RO         4937    i.USART_DMACmd      stm32f4xx_usart.o
    0x080025d0   0x080025d0   0x000000f0   Code   RO         4938    i.USART_DeInit      stm32f4xx_usart.o
    0x080026c0   0x080026c0   0x00000054   Code   RO         4940    i.USART_GetITStatus  stm32f4xx_usart.o
    0x08002714   0x08002714   0x0000004a   Code   RO         4942    i.USART_ITConfig    stm32f4xx_usart.o
    0x0800275e   0x0800275e   0x00000002   PAD
    0x08002760   0x08002760   0x000000d4   Code   RO         4943    i.USART_Init        stm32f4xx_usart.o
    0x08002834   0x08002834   0x00000018   Code   RO         4959    i.USART_StructInit  stm32f4xx_usart.o
    0x0800284c   0x0800284c   0x00000004   Code   RO          275    i.UsageFault_Handler  stm32f4xx_it.o
    0x08002850   0x08002850   0x00000144   Code   RO         6280    i.configCAN_Init    can.o
    0x08002994   0x08002994   0x000000e0   Code   RO         6314    i.configDMA_Init    dma.o
    0x08002a74   0x08002a74   0x00000008   Code   RO         6731    i.configHi219m_ParaInit  hi219m.o
    0x08002a7c   0x08002a7c   0x000002b4   Code   RO         6341    i.configIO_Init     io.o
    0x08002d30   0x08002d30   0x0000014e   Code   RO         6447    i.configNVIC_Init   nvic.o
    0x08002e7e   0x08002e7e   0x00000002   PAD
    0x08002e80   0x08002e80   0x0000008c   Code   RO         6502    i.configTIM_Init    tim.o
    0x08002f0c   0x08002f0c   0x000001e8   Code   RO         6522    i.configUART_Init   uart.o
    0x080030f4   0x080030f4   0x0000003c   Code   RO         6835    i.crc16_update      packet.o
    0x08003130   0x08003130   0x00000160   Code   RO         6732    i.fnHi219m_DataDecode  hi219m.o
    0x08003290   0x08003290   0x0000001a   Code   RO         7241    i.fputc             c_w.l(fputc.o)
    0x080032aa   0x080032aa   0x00000002   PAD
    0x080032ac   0x080032ac   0x00000014   Code   RO         6763    i.get_eular         imu_data_decode.o
    0x080032c0   0x080032c0   0x00000014   Code   RO         6767    i.get_raw_gyo       imu_data_decode.o
    0x080032d4   0x080032d4   0x00000018   Code   RO         6769    i.imu_data_decode_init  imu_data_decode.o
    0x080032ec   0x080032ec   0x00000014   Code   RO            6    i.main              main.o
    0x08003300   0x08003300   0x00000098   Code   RO         5616    i.prvAddCurrentTaskToDelayedList  tasks.o
    0x08003398   0x08003398   0x000000b8   Code   RO         5617    i.prvAddNewTaskToReadyList  tasks.o
    0x08003450   0x08003450   0x00000064   Code   RO         5988    i.prvCheckForValidListAndQueue  timers.o
    0x080034b4   0x080034b4   0x00000064   Code   RO         5618    i.prvCheckTasksWaitingTermination  tasks.o
    0x08003518   0x08003518   0x0000002a   Code   RO         5371    i.prvCopyDataFromQueue  queue.o
    0x08003542   0x08003542   0x0000007c   Code   RO         5372    i.prvCopyDataToQueue  queue.o
    0x080035be   0x080035be   0x00000012   Code   RO         5619    i.prvDeleteTCB      tasks.o
    0x080035d0   0x080035d0   0x00000028   Code   RO         5989    i.prvGetNextExpireTime  timers.o
    0x080035f8   0x080035f8   0x0000007c   Code   RO         6219    i.prvHeapInit       heap_4.o
    0x08003674   0x08003674   0x00000028   Code   RO         5620    i.prvIdleTask       tasks.o
    0x0800369c   0x0800369c   0x0000002e   Code   RO         5374    i.prvInitialiseNewQueue  queue.o
    0x080036ca   0x080036ca   0x00000002   PAD
    0x080036cc   0x080036cc   0x000000d0   Code   RO         5621    i.prvInitialiseNewTask  tasks.o
    0x0800379c   0x0800379c   0x00000068   Code   RO         5622    i.prvInitialiseTaskLists  tasks.o
    0x08003804   0x08003804   0x00000068   Code   RO         6220    i.prvInsertBlockIntoFreeList  heap_4.o
    0x0800386c   0x0800386c   0x00000058   Code   RO         5991    i.prvInsertTimerInActiveList  timers.o
    0x080038c4   0x080038c4   0x0000001a   Code   RO         5375    i.prvIsQueueEmpty   queue.o
    0x080038de   0x080038de   0x0000001e   Code   RO         5376    i.prvIsQueueFull    queue.o
    0x080038fc   0x080038fc   0x000000a0   Code   RO         5377    i.prvNotifyQueueSetContainer  queue.o
    0x0800399c   0x0800399c   0x0000007c   Code   RO         5992    i.prvProcessExpiredTimer  timers.o
    0x08003a18   0x08003a18   0x00000128   Code   RO         5993    i.prvProcessReceivedCommands  timers.o
    0x08003b40   0x08003b40   0x00000074   Code   RO         5994    i.prvProcessTimerOrBlockTask  timers.o
    0x08003bb4   0x08003bb4   0x00000034   Code   RO         5624    i.prvResetNextTaskUnblockTime  tasks.o
    0x08003be8   0x08003be8   0x0000002c   Code   RO         5995    i.prvSampleTimeNow  timers.o
    0x08003c14   0x08003c14   0x000000b8   Code   RO         5996    i.prvSwitchTimerLists  timers.o
    0x08003ccc   0x08003ccc   0x00000070   Code   RO         6131    i.prvTaskExitError  port.o
    0x08003d3c   0x08003d3c   0x0000001a   Code   RO         5997    i.prvTimerTask      timers.o
    0x08003d56   0x08003d56   0x00000092   Code   RO         5378    i.prvUnlockQueue    queue.o
    0x08003de8   0x08003de8   0x00000150   Code   RO         6221    i.pvPortMalloc      heap_4.o
    0x08003f38   0x08003f38   0x00000020   Code   RO         5628    i.pvTaskIncrementMutexHeldCount  tasks.o
    0x08003f58   0x08003f58   0x0000002c   Code   RO         6132    i.pxPortInitialiseStack  port.o
    0x08003f84   0x08003f84   0x00000028   Code   RO         5322    i.uxListRemove      list.o
    0x08003fac   0x08003fac   0x0000001a   Code   RO         5323    i.vListInitialise   list.o
    0x08003fc6   0x08003fc6   0x00000006   Code   RO         5324    i.vListInitialiseItem  list.o
    0x08003fcc   0x08003fcc   0x00000034   Code   RO         5325    i.vListInsert       list.o
    0x08004000   0x08004000   0x00000018   Code   RO         5326    i.vListInsertEnd    list.o
    0x08004018   0x08004018   0x00000084   Code   RO         6134    i.vPortEnterCritical  port.o
    0x0800409c   0x0800409c   0x0000006c   Code   RO         6135    i.vPortExitCritical  port.o
    0x08004108   0x08004108   0x000000b4   Code   RO         6222    i.vPortFree         heap_4.o
    0x080041bc   0x080041bc   0x00000020   Code   RO         6136    i.vPortSetupTimerInterrupt  port.o
    0x080041dc   0x080041dc   0x0000009c   Code   RO         6137    i.vPortValidateInterruptPriority  port.o
    0x08004278   0x08004278   0x0000002c   Code   RO         5384    i.vQueueAddToRegistry  queue.o
    0x080042a4   0x080042a4   0x0000004a   Code   RO         5388    i.vQueueWaitForMessageRestricted  queue.o
    0x080042ee   0x080042ee   0x00000002   PAD
    0x080042f0   0x080042f0   0x00000074   Code   RO         5636    i.vTaskDelay        tasks.o
    0x08004364   0x08004364   0x000000dc   Code   RO         5637    i.vTaskDelayUntil   tasks.o
    0x08004440   0x08004440   0x0000000c   Code   RO         5642    i.vTaskMissedYield  tasks.o
    0x0800444c   0x0800444c   0x00000054   Code   RO         5644    i.vTaskPlaceOnEventList  tasks.o
    0x080044a0   0x080044a0   0x0000005c   Code   RO         5645    i.vTaskPlaceOnEventListRestricted  tasks.o
    0x080044fc   0x080044fc   0x000000b0   Code   RO         5647    i.vTaskPriorityInherit  tasks.o
    0x080045ac   0x080045ac   0x0000004c   Code   RO         5651    i.vTaskSetTimeOutState  tasks.o
    0x080045f8   0x080045f8   0x000000ac   Code   RO         5652    i.vTaskStartScheduler  tasks.o
    0x080046a4   0x080046a4   0x00000010   Code   RO         5654    i.vTaskSuspendAll   tasks.o
    0x080046b4   0x080046b4   0x000000a8   Code   RO         5655    i.vTaskSwitchContext  tasks.o
    0x0800475c   0x0800475c   0x00000158   Code   RO         6138    i.xPortStartScheduler  port.o
    0x080048b4   0x080048b4   0x00000034   Code   RO         6139    i.xPortSysTickHandler  port.o
    0x080048e8   0x080048e8   0x00000074   Code   RO         5393    i.xQueueGenericCreate  queue.o
    0x0800495c   0x0800495c   0x000001c8   Code   RO         5394    i.xQueueGenericReceive  queue.o
    0x08004b24   0x08004b24   0x000000b0   Code   RO         5395    i.xQueueGenericReset  queue.o
    0x08004bd4   0x08004bd4   0x000001c4   Code   RO         5396    i.xQueueGenericSend  queue.o
    0x08004d98   0x08004d98   0x00000110   Code   RO         5397    i.xQueueGenericSendFromISR  queue.o
    0x08004ea8   0x08004ea8   0x000000fc   Code   RO         5398    i.xQueueGiveFromISR  queue.o
    0x08004fa4   0x08004fa4   0x000000a0   Code   RO         5656    i.xTaskCheckForTimeOut  tasks.o
    0x08005044   0x08005044   0x00000060   Code   RO         5657    i.xTaskCreate       tasks.o
    0x080050a4   0x080050a4   0x00000020   Code   RO         5661    i.xTaskGetSchedulerState  tasks.o
    0x080050c4   0x080050c4   0x0000000c   Code   RO         5662    i.xTaskGetTickCount  tasks.o
    0x080050d0   0x080050d0   0x00000160   Code   RO         5664    i.xTaskIncrementTick  tasks.o
    0x08005230   0x08005230   0x000000d8   Code   RO         5667    i.xTaskPriorityDisinherit  tasks.o
    0x08005308   0x08005308   0x000000b4   Code   RO         5668    i.xTaskRemoveFromEventList  tasks.o
    0x080053bc   0x080053bc   0x00000120   Code   RO         5670    i.xTaskResumeAll    tasks.o
    0x080054dc   0x080054dc   0x00000070   Code   RO         6001    i.xTimerCreateTimerTask  timers.o
    0x0800554c   0x0800554c   0x000000a0   Code   RO         6002    i.xTimerGenericCommand  timers.o
    0x080055ec   0x080055ec   0x0000000a   Code   RO         7460    x$fpl$fpinit        fz_wm.l(fpinit.o)
    0x080055f6   0x080055f6   0x00000004   Data   RO         7253    .constdata          c_w.l(sys_io.o)
    0x080055fa   0x080055fa   0x00000004   Data   RO         7254    .constdata          c_w.l(sys_io.o)
    0x080055fe   0x080055fe   0x00000004   Data   RO         7255    .constdata          c_w.l(sys_io.o)
    0x08005602   0x08005602   0x00000002   PAD
    0x08005604   0x08005604   0x00000020   Data   RO         7546    Region$$Table       anon$$obj.o


    Execution Region RW_IRAM1 (Exec base: 0x20000000, Load base: 0x08005624, Size: 0x00005de8, Max: 0x00020000, ABSOLUTE)

    Exec Addr    Load Addr    Size         Type   Attr      Idx    E Section Name        Object

    0x20000000   0x08005624   0x00000014   Data   RW          326    .data               system_stm32f4xx.o
    0x20000014   0x08005638   0x00000010   Data   RW         3092    .data               stm32f4xx_rcc.o
    0x20000024   0x08005648   0x0000003c   Data   RW         5673    .data               tasks.o
    0x20000060   0x08005684   0x00000014   Data   RW         6010    .data               timers.o
    0x20000074   0x08005698   0x0000000c   Data   RW         6140    .data               port.o
    0x20000080   0x080056a4   0x00000018   Data   RW         6227    .data               heap_4.o
    0x20000098   0x080056bc   0x00000002   Data   RW         6734    .data               hi219m.o
    0x2000009a   0x080056be   0x00000013   Data   RW         6771    .data               imu_data_decode.o
    0x200000ad   0x080056d1   0x00000003   PAD
    0x200000b0   0x080056d4   0x00000011   Data   RW         6836    .data               packet.o
    0x200000c1   0x080056e5   0x00000003   PAD
    0x200000c4   0x080056e8   0x00000004   Data   RW         7084    .data               user_task.o
    0x200000c8   0x080056ec   0x00000004   Data   RW         7214    .data               c_w.l(stdio_streams.o)
    0x200000cc   0x080056f0   0x00000004   Data   RW         7215    .data               c_w.l(stdio_streams.o)
    0x200000d0   0x080056f4   0x00000004   Data   RW         7216    .data               c_w.l(stdio_streams.o)
    0x200000d4        -       0x00000040   Zero   RW         5408    .bss                queue.o
    0x20000114        -       0x000002e4   Zero   RW         5672    .bss                tasks.o
    0x200003f8        -       0x00000028   Zero   RW         6009    .bss                timers.o
    0x20000420        -       0x00005000   Zero   RW         6226    .bss                heap_4.o
    0x20005420        -       0x00000028   Zero   RW         6374    .bss                it.o
    0x20005448        -       0x000000bc   Zero   RW         6733    .bss                hi219m.o
    0x20005504        -       0x000000a8   Zero   RW         6770    .bss                imu_data_decode.o
    0x200055ac        -       0x000000de   Zero   RW         6960    .bss                rm_remote.o
    0x2000568a   0x080056f8   0x00000002   PAD
    0x2000568c        -       0x00000054   Zero   RW         7211    .bss                c_w.l(stdio_streams.o)
    0x200056e0        -       0x00000054   Zero   RW         7212    .bss                c_w.l(stdio_streams.o)
    0x20005734        -       0x00000054   Zero   RW         7213    .bss                c_w.l(stdio_streams.o)
    0x20005788        -       0x00000060   Zero   RW         7406    .bss                c_w.l(libspace.o)
    0x200057e8        -       0x00000200   Zero   RW          444    HEAP                startup_stm32f40_41xxx.o
    0x200059e8        -       0x00000400   Zero   RW          443    STACK               startup_stm32f40_41xxx.o


==============================================================================

Image component sizes


      Code (inc. data)   RO Data    RW Data    ZI Data      Debug   Object Name

       324         10          0          0          0        757   can.o
        16          0          0          0          0     237746   delay.o
       224         24          0          0          0        649   dma.o
         0          0          0          0          0      11596   event_groups.o
       744        168          0         24      20480       3855   heap_4.o
       360         16          0          2        188       2428   hi219m.o
       440         48          0         19        168       3061   imu_data_decode.o
       692         18          0          0          0        864   io.o
       414         78          0          0         40       5555   it.o
       148          0          0          0          0       3110   list.o
       264         90          0          0          0      82391   main.o
       140         24          0          0          0       1535   misc.o
       334          0          0          0          0        714   nvic.o
       512         40          0         17          0       3892   packet.o
      1162        376          0         12          0      10645   port.o
      2416        274          0          0         64      14005   queue.o
         0          0          0          0        222       4134   rm_remote.o
        18          0          0          0          0        439   rng.o
        64         26        392          0       1536        804   startup_stm32f40_41xxx.o
      1416         26          0          0          0       7109   stm32f4xx_can.o
       610         40          0          0          0       6378   stm32f4xx_dma.o
       222          0          0          0          0       2791   stm32f4xx_gpio.o
        20          0          0          0          0       2569   stm32f4xx_it.o
       424         54          0         16          0       6138   stm32f4xx_rcc.o
        36          6          0          0          0        474   stm32f4xx_rng.o
       238         28          0          0          0       4077   stm32f4xx_tim.o
       676         42          0          0          0       5319   stm32f4xx_usart.o
       340         32          0         20          0       1765   system_stm32f4xx.o
      3358        852          0         60        740      28587   tasks.o
       140          8          0          0          0        553   tim.o
      1290        292          0         20         40       8427   timers.o
       488         28          0          0          0        742   uart.o
       146         16          0          4          0       2493   user_task.o

    ----------------------------------------------------------------------
     17696       2616        424        200      23480     465602   Object Totals
         0          0         32          0          0          0   (incl. Generated)
        20          0          0          6          2          0   (incl. Padding)

    ----------------------------------------------------------------------

      Code (inc. data)   RO Data    RW Data    ZI Data      Debug   Library Member Name

         8          0          0          0          0         68   __main.o
       104          0          0          0          0         84   __printf.o
         0          0          0          0          0          0   __rtentry.o
        12          0          0          0          0          0   __rtentry2.o
         6          0          0          0          0          0   __rtentry4.o
        52          8          0          0          0          0   __scatter.o
        26          0          0          0          0          0   __scatter_copy.o
        28          0          0          0          0          0   __scatter_zi.o
        44          0          0          0          0        108   _printf_char.o
        48          6          0          0          0         96   _printf_char_common.o
        36          4          0          0          0         80   _printf_char_file.o
         6          0          0          0          0          0   _printf_d.o
       120         16          0          0          0         92   _printf_dec.o
       178          0          0          0          0         88   _printf_intcommon.o
         0          0          0          0          0          0   _printf_percent.o
         4          0          0          0          0          0   _printf_percent_end.o
         6          0          0          0          0          0   _printf_s.o
        82          0          0          0          0         80   _printf_str.o
        16          0          0          0          0         68   aeabi_memset.o
        10          0          0          0          0         68   defsig_exit.o
        50          0          0          0          0         88   defsig_general.o
        80         58          0          0          0         76   defsig_rtmem_inner.o
        14          0          0          0          0         80   defsig_rtmem_outer.o
        52         38          0          0          0         76   defsig_rtred_inner.o
        14          0          0          0          0         80   defsig_rtred_outer.o
        18          0          0          0          0         80   exit.o
        76          0          0          0          0         88   fclose.o
         8          0          0          0          0         68   ferror.o
       470          0          0          0          0         88   flsbuf.o
       236          4          0          0          0        128   fopen.o
        26          0          0          0          0         68   fputc.o
       248          6          0          0          0         84   fseek.o
        66          0          0          0          0         76   ftell.o
        94          0          0          0          0         80   h1_alloc.o
        52          0          0          0          0         68   h1_extend.o
        78          0          0          0          0         80   h1_free.o
        14          0          0          0          0         84   h1_init.o
         6          0          0          0          0        152   heapauxi.o
         4          0          0          0          0        136   hguard.o
         0          0          0          0          0          0   indicate_semi.o
       138          0          0          0          0        168   init_alloc.o
       312         46          0          0          0        112   initio.o
         2          0          0          0          0          0   libinit.o
        18          0          0          0          0          0   libinit2.o
         2          0          0          0          0          0   libshutdown.o
         6          0          0          0          0          0   libshutdown2.o
         8          4          0          0         96         68   libspace.o
         0          0          0          0          0          0   maybetermalloc1.o
        24          4          0          0          0         84   noretval__2printf.o
         8          4          0          0          0         68   rt_errno_addr_intlibspace.o
         8          4          0          0          0         68   rt_heap_descriptor_intlibspace.o
        68          0          0          0          0         68   rt_memclr.o
        78          0          0          0          0         80   rt_memclr_w.o
       138          0          0          0          0         68   rt_memcpy_v6.o
       100          0          0          0          0         80   rt_memcpy_w.o
         2          0          0          0          0          0   rtexit.o
        10          0          0          0          0          0   rtexit2.o
        70          0          0          0          0         80   setvbuf.o
       240          6          0          0          0        156   stdio.o
         0          0          0         12        252          0   stdio_streams.o
        62          0          0          0          0         76   strlen.o
        12          4          0          0          0         68   sys_exit.o
       102          0         12          0          0        240   sys_io.o
        74          0          0          0          0         80   sys_stackheap_outer.o
        14          0          0          0          0         76   sys_wrch.o
         2          0          0          0          0         68   use_no_semi.o
        10          0          0          0          0        116   fpinit.o

    ----------------------------------------------------------------------
      3918        212         14         12        348       4336   Library Totals
        18          0          2          0          0          0   (incl. Padding)

    ----------------------------------------------------------------------

      Code (inc. data)   RO Data    RW Data    ZI Data      Debug   Library Name

      3890        212         12         12        348       4220   c_w.l
        10          0          0          0          0        116   fz_wm.l

    ----------------------------------------------------------------------
      3918        212         14         12        348       4336   Library Totals

    ----------------------------------------------------------------------

==============================================================================


      Code (inc. data)   RO Data    RW Data    ZI Data      Debug   

     21614       2828        438        212      23828     452150   Grand Totals
     21614       2828        438        212      23828     452150   ELF Image Totals
     21614       2828        438        212          0          0   ROM Totals

==============================================================================

    Total RO  Size (Code + RO Data)                22052 (  21.54kB)
    Total RW  Size (RW Data + ZI Data)             24040 (  23.48kB)
    Total ROM Size (Code + RO Data + RW Data)      22264 (  21.74kB)

==============================================================================

